Archive member included because of file (symbol)

.\CortexM3\ARM_GCC_441\Debug\carlab_302.a(LCD.o)
                              .\CortexM3\ARM_GCC_441\Debug\main.o (LCD_Start)
.\CortexM3\ARM_GCC_441\Debug\carlab_302.a(CyLib.o)
                              .\CortexM3\ARM_GCC_441\Debug\Cm3Start.o (CyResetStatus)
.\CortexM3\ARM_GCC_441\Debug\carlab_302.a(cyPm.o)
                              .\CortexM3\ARM_GCC_441\Debug\carlab_302.a(CyLib.o) (CyPmReadStatus)
.\CortexM3\ARM_GCC_441\Debug\carlab_302.a(inter_HE.o)
                              .\CortexM3\ARM_GCC_441\Debug\main.o (inter_HE_Start)
.\CortexM3\ARM_GCC_441\Debug\carlab_302.a(UART.o)
                              .\CortexM3\ARM_GCC_441\Debug\main.o (UART_Start)
.\CortexM3\ARM_GCC_441\Debug\carlab_302.a(UART_INT.o)
                              .\CortexM3\ARM_GCC_441\Debug\carlab_302.a(UART.o) (UART_RXISR)
.\CortexM3\ARM_GCC_441\Debug\carlab_302.a(PWM_Servo.o)
                              .\CortexM3\ARM_GCC_441\Debug\main.o (PWM_Servo_Start)
.\CortexM3\ARM_GCC_441\Debug\carlab_302.a(Clock_Servo.o)
                              .\CortexM3\ARM_GCC_441\Debug\main.o (Clock_Servo_Start)
.\CortexM3\ARM_GCC_441\Debug\carlab_302.a(Timer_HE.o)
                              .\CortexM3\ARM_GCC_441\Debug\main.o (Timer_HE_Start)
.\CortexM3\ARM_GCC_441\Debug\carlab_302.a(PWM_Motor.o)
                              .\CortexM3\ARM_GCC_441\Debug\main.o (PWM_Motor_Start)
.\CortexM3\ARM_GCC_441\Debug\carlab_302.a(Clock_Motor.o)
                              .\CortexM3\ARM_GCC_441\Debug\main.o (Clock_Motor_Start)
.\CortexM3\ARM_GCC_441\Debug\carlab_302.a(Clock_Infrared.o)
                              .\CortexM3\ARM_GCC_441\Debug\main.o (Clock_Infrared_Start)
.\CortexM3\ARM_GCC_441\Debug\carlab_302.a(inter_infrared_rising_1.o)
                              .\CortexM3\ARM_GCC_441\Debug\main.o (inter_infrared_rising_1_Start)
.\CortexM3\ARM_GCC_441\Debug\carlab_302.a(Timer_Infrared_1.o)
                              .\CortexM3\ARM_GCC_441\Debug\main.o (Timer_Infrared_1_Start)
.\CortexM3\ARM_GCC_441\Debug\carlab_302.a(inter_infrared_falling_1.o)
                              .\CortexM3\ARM_GCC_441\Debug\main.o (inter_infrared_falling_1_Start)
.\CortexM3\ARM_GCC_441\Debug\carlab_302.a(inter_infrared_rising_2.o)
                              .\CortexM3\ARM_GCC_441\Debug\main.o (inter_infrared_rising_2_Start)
.\CortexM3\ARM_GCC_441\Debug\carlab_302.a(Timer_Infrared_2.o)
                              .\CortexM3\ARM_GCC_441\Debug\main.o (Timer_Infrared_2_Start)
.\CortexM3\ARM_GCC_441\Debug\carlab_302.a(inter_infrared_falling_2.o)
                              .\CortexM3\ARM_GCC_441\Debug\main.o (inter_infrared_falling_2_Start)
.\CortexM3\ARM_GCC_441\Debug\carlab_302.a(inter_infrared_rising_3.o)
                              .\CortexM3\ARM_GCC_441\Debug\main.o (inter_infrared_rising_3_Start)
.\CortexM3\ARM_GCC_441\Debug\carlab_302.a(Timer_Infrared_3.o)
                              .\CortexM3\ARM_GCC_441\Debug\main.o (Timer_Infrared_3_Start)
.\CortexM3\ARM_GCC_441\Debug\carlab_302.a(inter_infrared_falling_3.o)
                              .\CortexM3\ARM_GCC_441\Debug\main.o (inter_infrared_falling_3_Start)
.\CortexM3\ARM_GCC_441\Debug\carlab_302.a(inter_infrared_rising_0.o)
                              .\CortexM3\ARM_GCC_441\Debug\main.o (inter_infrared_rising_0_Start)
.\CortexM3\ARM_GCC_441\Debug\carlab_302.a(Timer_Infrared_0.o)
                              .\CortexM3\ARM_GCC_441\Debug\main.o (Timer_Infrared_0_Start)
.\CortexM3\ARM_GCC_441\Debug\carlab_302.a(inter_infrared_falling_0.o)
                              .\CortexM3\ARM_GCC_441\Debug\main.o (inter_infrared_falling_0_Start)
.\CortexM3\ARM_GCC_441\Debug\carlab_302.a(Control_Reg.o)
                              .\CortexM3\ARM_GCC_441\Debug\main.o (Control_Reg_Write)
.\CortexM3\ARM_GCC_441\Debug\carlab_302.a(cyfitter_cfg.o)
                              .\CortexM3\ARM_GCC_441\Debug\Cm3Start.o (cyfitter_cfg)
.\CortexM3\ARM_GCC_441\Debug\carlab_302.a(CyBootAsmGnu.o)
                              .\CortexM3\ARM_GCC_441\Debug\carlab_302.a(CyLib.o) (CyDelayCycles)
.\CortexM3\ARM_GCC_441\Debug\carlab_302.a(CyFlash.o)
                              .\CortexM3\ARM_GCC_441\Debug\carlab_302.a(cyPm.o) (CyFlash_SetWaitCycles)
.\CortexM3\ARM_GCC_441\Debug\carlab_302.a(CySpc.o)
                              .\CortexM3\ARM_GCC_441\Debug\carlab_302.a(CyFlash.o) (CySpcStart)
.\CortexM3\ARM_GCC_441\Debug\carlab_302.a(cyutils.o)
                              .\CortexM3\ARM_GCC_441\Debug\carlab_302.a(Timer_Infrared_1.o) (CySetReg24)
c:/program files (x86)/cypress/psoc creator/2.1/psoc creator/import/gnu_cs/arm/4.4.1/bin/../lib/gcc/arm-none-eabi/4.4.1/thumb2\libgcc.a(_arm_addsubdf3.o)
                              .\CortexM3\ARM_GCC_441\Debug\main.o (__aeabi_dsub)
c:/program files (x86)/cypress/psoc creator/2.1/psoc creator/import/gnu_cs/arm/4.4.1/bin/../lib/gcc/arm-none-eabi/4.4.1/thumb2\libgcc.a(_arm_muldivdf3.o)
[...]
Memory Configuration

Name             Origin             Length             Attributes
rom              0x00000000         0x00040000         xr
ram              0x1fff8000         0x0000b000         xrw
*default*        0x00000000         0xffffffff

Linker script and memory map

LOAD c:/program files (x86)/cypress/psoc creator/2.1/psoc creator/import/gnu_cs/arm/4.4.1/bin/../lib/gcc/arm-none-eabi/4.4.1/thumb2/crti.o
LOAD c:/program files (x86)/cypress/psoc creator/2.1/psoc creator/import/gnu_cs/arm/4.4.1/bin/../lib/gcc/arm-none-eabi/4.4.1/thumb2/crtbegin.o
START GROUP
LOAD .\CortexM3\ARM_GCC_441\Debug\main.o
LOAD .\CortexM3\ARM_GCC_441\Debug\Cm3Start.o
LOAD .\CortexM3\ARM_GCC_441\Debug\carlab_302.a
LOAD C:\Program Files (x86)\Cypress\PSoC Creator\2.1\PSoC Creator\psoc\content\cycomponentlibrary\CyComponentLibrary.cylib\CortexM3\ARM_GCC_441\Debug\CyComponentLibrary.a
END GROUP
START GROUP
LOAD c:/program files (x86)/cypress/psoc creator/2.1/psoc creator/import/gnu_cs/arm/4.4.1/bin/../lib/gcc/arm-none-eabi/4.4.1/thumb2\libgcc.a
LOAD c:/program files (x86)/cypress/psoc creator/2.1/psoc creator/import/gnu_cs/arm/4.4.1/bin/../lib/gcc/arm-none-eabi/4.4.1/../../../../arm-none-eabi/lib/thumb2\libc.a
END GROUP
LOAD c:/program files (x86)/cypress/psoc creator/2.1/psoc creator/import/gnu_cs/arm/4.4.1/bin/../lib/gcc/arm-none-eabi/4.4.1/thumb2/crtend.o
LOAD c:/program files (x86)/cypress/psoc creator/2.1/psoc creator/import/gnu_cs/arm/4.4.1/bin/../lib/gcc/arm-none-eabi/4.4.1/thumb2/crtn.o
START GROUP
LOAD c:/program files (x86)/cypress/psoc creator/2.1/psoc creator/import/gnu_cs/arm/4.4.1/bin/../lib/gcc/arm-none-eabi/4.4.1/thumb2\libgcc.a
LOAD c:/program files (x86)/cypress/psoc creator/2.1/psoc creator/import/gnu_cs/arm/4.4.1/bin/../lib/gcc/arm-none-eabi/4.4.1/../../../../arm-none-eabi/lib/thumb2\libc.a
LOAD c:/program files (x86)/cypress/psoc creator/2.1/psoc creator/import/gnu_cs/arm/4.4.1/bin/../lib/gcc/arm-none-eabi/4.4.1/../../../../arm-none-eabi/lib/thumb2\libcs3.a
LOAD c:/program files (x86)/cypress/psoc creator/2.1/psoc creator/import/gnu_cs/arm/4.4.1/bin/../lib/gcc/arm-none-eabi/4.4.1/../../../../arm-none-eabi/lib/thumb2\libcs3unhosted.a
LOAD c:/program files (x86)/cypress/psoc creator/2.1/psoc creator/import/gnu_cs/arm/4.4.1/bin/../lib/gcc/arm-none-eabi/4.4.1/../../../../arm-none-eabi/lib/thumb2\libcs3micro.a
END GROUP
                0x1fff87b8                PROVIDE (__cs3_heap_start, _end)
                0x00000001                PROVIDE (__cs3_region_num, ((__cs3_regions_end - __cs3_regions) / 0x14))
                0x20008000                PROVIDE (__cs3_stack, 0x20008000)
                0x20004000                PROVIDE (__cs3_heap_end, (__cs3_stack - 0x4000))

.text           0x00000000     0x82b0
 CREATE_OBJECT_SYMBOLS
                0x00000000                __cs3_interrupt_vector = __cs3_interrupt_vector_micro
 *(.cs3.interrupt_vector)
 .cs3.interrupt_vector
                0x00000000       0xc0 c:/program files (x86)/cypress/psoc creator/2.1/psoc creator/import/gnu_cs/arm/4.4.1/bin/../lib/gcc/arm-none-eabi/4.4.1/../../../../arm-none-eabi/lib/thumb2\libcs3micro.a(micro-vector.o)
                0x00000000                __cs3_interrupt_vector_micro
                0x00000001                ASSERT ((. != __cs3_interrupt_vector_micro), No interrupt vector)
                0x00000b44                PROVIDE (__cs3_reset, Reset)
 *(.cs3.reset)
                0x00000001                ASSERT ((. != __cs3_reset), No reset code)
 *(.dma_init)
                0x00000001                ASSERT ((((0x0 + .) <= 0x10000) || 0x1), DMA Init must be within the first 64k of flash)
 *(.text.cs3.init)
 .text.cs3.init
                0x000000c0       0x5c c:/program files (x86)/cypress/psoc creator/2.1/psoc creator/import/gnu_cs/arm/4.4.1/bin/../lib/gcc/arm-none-eabi/4.4.1/../../../../arm-none-eabi/lib/thumb2\libcs3.a(start_c.o)
                0x000000c0                __cs3_start_c
 *(.text .text.* .gnu.linkonce.t.*)
 .text          0x0000011c       0x30 c:/program files (x86)/cypress/psoc creator/2.1/psoc creator/import/gnu_cs/arm/4.4.1/bin/../lib/gcc/arm-none-eabi/4.4.1/thumb2/crtbegin.o
 .text.zeroIntArr
                0x0000014c       0x3c .\CortexM3\ARM_GCC_441\Debug\main.o
 .text.sendWireless
                0x00000188       0x58 .\CortexM3\ARM_GCC_441\Debug\main.o
 .text.updateSensorPos
                0x000001e0      0x204 .\CortexM3\ARM_GCC_441\Debug\main.o
 .text.inter_HE
                0x000003e4      0x230 .\CortexM3\ARM_GCC_441\Debug\main.o
                0x000003e4                inter_HE
 .text.inter_infrared_rising_0
                0x00000614       0x34 .\CortexM3\ARM_GCC_441\Debug\main.o
                0x00000614                inter_infrared_rising_0
 .text.inter_infrared_falling_0
                0x00000648       0x68 .\CortexM3\ARM_GCC_441\Debug\main.o
                0x00000648                inter_infrared_falling_0
 .text.inter_infrared_rising_1
                0x000006b0       0x34 .\CortexM3\ARM_GCC_441\Debug\main.o
                0x000006b0                inter_infrared_rising_1
 .text.inter_infrared_falling_1
                0x000006e4       0x68 .\CortexM3\ARM_GCC_441\Debug\main.o
                0x000006e4                inter_infrared_falling_1
 .text.inter_infrared_rising_2
                0x0000074c       0x34 .\CortexM3\ARM_GCC_441\Debug\main.o
                0x0000074c                inter_infrared_rising_2
 .text.inter_infrared_falling_2
                0x00000780       0x68 .\CortexM3\ARM_GCC_441\Debug\main.o
                0x00000780                inter_infrared_falling_2
 .text.inter_infrared_rising_3
                0x000007e8       0x34 .\CortexM3\ARM_GCC_441\Debug\main.o
                0x000007e8                inter_infrared_rising_3
 .text.inter_infrared_falling_3
                0x0000081c       0x68 .\CortexM3\ARM_GCC_441\Debug\main.o
                0x0000081c                inter_infrared_falling_3
 .text.main     0x00000884      0x2c0 .\CortexM3\ARM_GCC_441\Debug\main.o
                0x00000884                main
 .text.Reset    0x00000b44       0x24 .\CortexM3\ARM_GCC_441\Debug\Cm3Start.o
                0x00000b44                Reset
 .text.initialize_psoc
                0x00000b68       0x9c .\CortexM3\ARM_GCC_441\Debug\Cm3Start.o
                0x00000b68                initialize_psoc
 .text.LCD_Init
                0x00000c04       0x90 .\CortexM3\ARM_GCC_441\Debug\carlab_302.a(LCD.o)
                0x00000c04                LCD_Init
 .text.LCD_Enable
                0x00000c94       0x1c .\CortexM3\ARM_GCC_441\Debug\carlab_302.a(LCD.o)
                0x00000c94                LCD_Enable
 .text.LCD_Start
                0x00000cb0       0x2c .\CortexM3\ARM_GCC_441\Debug\carlab_302.a(LCD.o)
                0x00000cb0                LCD_Start
 .text.LCD_Position
                0x00000cdc       0x74 .\CortexM3\ARM_GCC_441\Debug\carlab_302.a(LCD.o)
                0x00000cdc                LCD_Position
 .text.LCD_PrintString
                0x00000d50       0x40 .\CortexM3\ARM_GCC_441\Debug\carlab_302.a(LCD.o)
                0x00000d50                LCD_PrintString
 .text.LCD_WriteData
                0x00000d90       0x38 .\CortexM3\ARM_GCC_441\Debug\carlab_302.a(LCD.o)
                0x00000d90                LCD_WriteData
 .text.LCD_WriteControl
                0x00000dc8       0x40 .\CortexM3\ARM_GCC_441\Debug\carlab_302.a(LCD.o)
                0x00000dc8                LCD_WriteControl
 .text.LCD_IsReady
                0x00000e08      0x204 .\CortexM3\ARM_GCC_441\Debug\carlab_302.a(LCD.o)
                0x00000e08                LCD_IsReady
 .text.LCD_WrDatNib
                0x0000100c       0xac .\CortexM3\ARM_GCC_441\Debug\carlab_302.a(LCD.o)
                0x0000100c                LCD_WrDatNib
 .text.LCD_WrCntrlNib
                0x000010b8       0x8c .\CortexM3\ARM_GCC_441\Debug\carlab_302.a(LCD.o)
                0x000010b8                LCD_WrCntrlNib
 .text.CyHalt   0x00001144       0x18 .\CortexM3\ARM_GCC_441\Debug\carlab_302.a(CyLib.o)
                0x00001144                CyHalt
 .text.CyDelay  0x0000115c       0x48 .\CortexM3\ARM_GCC_441\Debug\carlab_302.a(CyLib.o)
                0x0000115c                CyDelay
 .text.CyDelayUs
                0x000011a4       0x28 .\CortexM3\ARM_GCC_441\Debug\carlab_302.a(CyLib.o)
                0x000011a4                CyDelayUs
 .text.CyIntSetVector
                0x000011cc       0x68 .\CortexM3\ARM_GCC_441\Debug\carlab_302.a(CyLib.o)
                0x000011cc                CyIntSetVector
 .text.CyIntSetPriority
                0x00001234       0x5c .\CortexM3\ARM_GCC_441\Debug\carlab_302.a(CyLib.o)
                0x00001234                CyIntSetPriority
 .text.CyIntEnable
                0x00001290       0x48 .\CortexM3\ARM_GCC_441\Debug\carlab_302.a(CyLib.o)
                0x00001290                CyIntEnable
 .text.inter_HE_Start
                0x000012d8       0x24 .\CortexM3\ARM_GCC_441\Debug\carlab_302.a(inter_HE.o)
                0x000012d8                inter_HE_Start
 .text.inter_HE_Interrupt
                0x000012fc        0xc .\CortexM3\ARM_GCC_441\Debug\carlab_302.a(inter_HE.o)
                0x000012fc                inter_HE_Interrupt
 .text.inter_HE_SetVector
                0x00001308       0x28 .\CortexM3\ARM_GCC_441\Debug\carlab_302.a(inter_HE.o)
                0x00001308                inter_HE_SetVector
 .text.inter_HE_SetPriority
                0x00001330       0x28 .\CortexM3\ARM_GCC_441\Debug\carlab_302.a(inter_HE.o)
                0x00001330                inter_HE_SetPriority
 .text.inter_HE_Enable
                0x00001358       0x18 .\CortexM3\ARM_GCC_441\Debug\carlab_302.a(inter_HE.o)
                0x00001358                inter_HE_Enable
 .text.inter_HE_Disable
                0x00001370       0x18 .\CortexM3\ARM_GCC_441\Debug\carlab_302.a(inter_HE.o)
                0x00001370                inter_HE_Disable
 .text.UART_Start
                0x00001388       0x2c .\CortexM3\ARM_GCC_441\Debug\carlab_302.a(UART.o)
                0x00001388                UART_Start
 .text.UART_Init
                0x000013b4       0x5c .\CortexM3\ARM_GCC_441\Debug\carlab_302.a(UART.o)
                0x000013b4                UART_Init
 .text.UART_Enable
                0x00001410       0x98 .\CortexM3\ARM_GCC_441\Debug\carlab_302.a(UART.o)
                0x00001410                UART_Enable
 .text.UART_PutChar
                0x000014a8       0x34 .\CortexM3\ARM_GCC_441\Debug\carlab_302.a(UART.o)
                0x000014a8                UART_PutChar
 .text.UART_RXISR
                0x000014dc       0xec .\CortexM3\ARM_GCC_441\Debug\carlab_302.a(UART_INT.o)
                0x000014dc                UART_RXISR
 .text.PWM_Servo_Start
                0x000015c8       0x2c .\CortexM3\ARM_GCC_441\Debug\carlab_302.a(PWM_Servo.o)
                0x000015c8                PWM_Servo_Start
 .text.PWM_Servo_Init
                0x000015f4       0xc0 .\CortexM3\ARM_GCC_441\Debug\carlab_302.a(PWM_Servo.o)
                0x000015f4                PWM_Servo_Init
 .text.PWM_Servo_Enable
                0x000016b4       0x2c .\CortexM3\ARM_GCC_441\Debug\carlab_302.a(PWM_Servo.o)
                0x000016b4                PWM_Servo_Enable
 .text.PWM_Servo_WriteCounter
                0x000016e0       0x20 .\CortexM3\ARM_GCC_441\Debug\carlab_302.a(PWM_Servo.o)
                0x000016e0                PWM_Servo_WriteCounter
 .text.PWM_Servo_ClearFIFO
                0x00001700       0x2c .\CortexM3\ARM_GCC_441\Debug\carlab_302.a(PWM_Servo.o)
                0x00001700                PWM_Servo_ClearFIFO
 .text.PWM_Servo_WritePeriod
                0x0000172c       0x20 .\CortexM3\ARM_GCC_441\Debug\carlab_302.a(PWM_Servo.o)
                0x0000172c                PWM_Servo_WritePeriod
 .text.PWM_Servo_WriteCompare
                0x0000174c       0x20 .\CortexM3\ARM_GCC_441\Debug\carlab_302.a(PWM_Servo.o)
                0x0000174c                PWM_Servo_WriteCompare
 .text.Clock_Servo_Start
                0x0000176c       0x28 .\CortexM3\ARM_GCC_441\Debug\carlab_302.a(Clock_Servo.o)
                0x0000176c                Clock_Servo_Start
 .text.Timer_HE_Init
                0x00001794       0xdc .\CortexM3\ARM_GCC_441\Debug\carlab_302.a(Timer_HE.o)
                0x00001794                Timer_HE_Init
 .text.Timer_HE_Enable
                0x00001870       0x60 .\CortexM3\ARM_GCC_441\Debug\carlab_302.a(Timer_HE.o)
                0x00001870                Timer_HE_Enable
 .text.Timer_HE_Start
                0x000018d0       0x2c .\CortexM3\ARM_GCC_441\Debug\carlab_302.a(Timer_HE.o)
                0x000018d0                Timer_HE_Start
 .text.Timer_HE_SetInterruptMode
                0x000018fc       0x20 .\CortexM3\ARM_GCC_441\Debug\carlab_302.a(Timer_HE.o)
                0x000018fc                Timer_HE_SetInterruptMode
 .text.Timer_HE_WritePeriod
                0x0000191c       0x24 .\CortexM3\ARM_GCC_441\Debug\carlab_302.a(Timer_HE.o)
                0x0000191c                Timer_HE_WritePeriod
 .text.Timer_HE_ReadCapture
                0x00001940       0x18 .\CortexM3\ARM_GCC_441\Debug\carlab_302.a(Timer_HE.o)
                0x00001940                Timer_HE_ReadCapture
 .text.Timer_HE_WriteCounter
                0x00001958       0x14 .\CortexM3\ARM_GCC_441\Debug\carlab_302.a(Timer_HE.o)
                0x00001958                Timer_HE_WriteCounter
 .text.PWM_Motor_Start
                0x0000196c       0x2c .\CortexM3\ARM_GCC_441\Debug\carlab_302.a(PWM_Motor.o)
                0x0000196c                PWM_Motor_Start
 .text.PWM_Motor_Init
                0x00001998       0xa4 .\CortexM3\ARM_GCC_441\Debug\carlab_302.a(PWM_Motor.o)
                0x00001998                PWM_Motor_Init
 .text.PWM_Motor_Enable
                0x00001a3c       0x2c .\CortexM3\ARM_GCC_441\Debug\carlab_302.a(PWM_Motor.o)
                0x00001a3c                PWM_Motor_Enable
 .text.PWM_Motor_WriteCounter
                0x00001a68       0x20 .\CortexM3\ARM_GCC_441\Debug\carlab_302.a(PWM_Motor.o)
                0x00001a68                PWM_Motor_WriteCounter
 .text.PWM_Motor_ClearFIFO
                0x00001a88       0x2c .\CortexM3\ARM_GCC_441\Debug\carlab_302.a(PWM_Motor.o)
                0x00001a88                PWM_Motor_ClearFIFO
 .text.PWM_Motor_WritePeriod
                0x00001ab4       0x20 .\CortexM3\ARM_GCC_441\Debug\carlab_302.a(PWM_Motor.o)
                0x00001ab4                PWM_Motor_WritePeriod
 .text.PWM_Motor_WriteCompare
                0x00001ad4       0x20 .\CortexM3\ARM_GCC_441\Debug\carlab_302.a(PWM_Motor.o)
                0x00001ad4                PWM_Motor_WriteCompare
 .text.Clock_Motor_Start
                0x00001af4       0x28 .\CortexM3\ARM_GCC_441\Debug\carlab_302.a(Clock_Motor.o)
                0x00001af4                Clock_Motor_Start
 .text.Clock_Infrared_Start
                0x00001b1c       0x28 .\CortexM3\ARM_GCC_441\Debug\carlab_302.a(Clock_Infrared.o)
                0x00001b1c                Clock_Infrared_Start
 .text.inter_infrared_rising_1_Start
                0x00001b44       0x24 .\CortexM3\ARM_GCC_441\Debug\carlab_302.a(inter_infrared_rising_1.o)
                0x00001b44                inter_infrared_rising_1_Start
 .text.inter_infrared_rising_1_Interrupt
                0x00001b68        0xc .\CortexM3\ARM_GCC_441\Debug\carlab_302.a(inter_infrared_rising_1.o)
                0x00001b68                inter_infrared_rising_1_Interrupt
 .text.inter_infrared_rising_1_SetVector
                0x00001b74       0x28 .\CortexM3\ARM_GCC_441\Debug\carlab_302.a(inter_infrared_rising_1.o)
                0x00001b74                inter_infrared_rising_1_SetVector
 .text.inter_infrared_rising_1_SetPriority
                0x00001b9c       0x28 .\CortexM3\ARM_GCC_441\Debug\carlab_302.a(inter_infrared_rising_1.o)
                0x00001b9c                inter_infrared_rising_1_SetPriority
 .text.inter_infrared_rising_1_Enable
                0x00001bc4       0x18 .\CortexM3\ARM_GCC_441\Debug\carlab_302.a(inter_infrared_rising_1.o)
                0x00001bc4                inter_infrared_rising_1_Enable
 .text.inter_infrared_rising_1_Disable
                0x00001bdc       0x18 .\CortexM3\ARM_GCC_441\Debug\carlab_302.a(inter_infrared_rising_1.o)
                0x00001bdc                inter_infrared_rising_1_Disable
 .text.Timer_Infrared_1_Init
                0x00001bf4       0x60 .\CortexM3\ARM_GCC_441\Debug\carlab_302.a(Timer_Infrared_1.o)
                0x00001bf4                Timer_Infrared_1_Init
 .text.Timer_Infrared_1_Enable
                0x00001c54       0x2c .\CortexM3\ARM_GCC_441\Debug\carlab_302.a(Timer_Infrared_1.o)
                0x00001c54                Timer_Infrared_1_Enable
 .text.Timer_Infrared_1_Start
                0x00001c80       0x2c .\CortexM3\ARM_GCC_441\Debug\carlab_302.a(Timer_Infrared_1.o)
                0x00001c80                Timer_Infrared_1_Start
 .text.Timer_Infrared_1_SetInterruptMode
                0x00001cac       0x20 .\CortexM3\ARM_GCC_441\Debug\carlab_302.a(Timer_Infrared_1.o)
                0x00001cac                Timer_Infrared_1_SetInterruptMode
 .text.Timer_Infrared_1_ReadStatusRegister
                0x00001ccc       0x18 .\CortexM3\ARM_GCC_441\Debug\carlab_302.a(Timer_Infrared_1.o)
                0x00001ccc                Timer_Infrared_1_ReadStatusRegister
 .text.Timer_Infrared_1_WritePeriod
                0x00001ce4       0x20 .\CortexM3\ARM_GCC_441\Debug\carlab_302.a(Timer_Infrared_1.o)
                0x00001ce4                Timer_Infrared_1_WritePeriod
 .text.Timer_Infrared_1_ReadCapture
                0x00001d04       0x1c .\CortexM3\ARM_GCC_441\Debug\carlab_302.a(Timer_Infrared_1.o)
                0x00001d04                Timer_Infrared_1_ReadCapture
 .text.Timer_Infrared_1_WriteCounter
                0x00001d20       0x20 .\CortexM3\ARM_GCC_441\Debug\carlab_302.a(Timer_Infrared_1.o)
                0x00001d20                Timer_Infrared_1_WriteCounter
 .text.Timer_Infrared_1_SetInterruptCount
                0x00001d40       0x54 .\CortexM3\ARM_GCC_441\Debug\carlab_302.a(Timer_Infrared_1.o)
                0x00001d40                Timer_Infrared_1_SetInterruptCount
 .text.Timer_Infrared_1_ClearFIFO
                0x00001d94       0x1c .\CortexM3\ARM_GCC_441\Debug\carlab_302.a(Timer_Infrared_1.o)
                0x00001d94                Timer_Infrared_1_ClearFIFO
 .text.inter_infrared_falling_1_Start
                0x00001db0       0x24 .\CortexM3\ARM_GCC_441\Debug\carlab_302.a(inter_infrared_falling_1.o)
                0x00001db0                inter_infrared_falling_1_Start
 .text.inter_infrared_falling_1_Interrupt
                0x00001dd4        0xc .\CortexM3\ARM_GCC_441\Debug\carlab_302.a(inter_infrared_falling_1.o)
                0x00001dd4                inter_infrared_falling_1_Interrupt
 .text.inter_infrared_falling_1_SetVector
                0x00001de0       0x28 .\CortexM3\ARM_GCC_441\Debug\carlab_302.a(inter_infrared_falling_1.o)
                0x00001de0                inter_infrared_falling_1_SetVector
 .text.inter_infrared_falling_1_SetPriority
                0x00001e08       0x28 .\CortexM3\ARM_GCC_441\Debug\carlab_302.a(inter_infrared_falling_1.o)
                0x00001e08                inter_infrared_falling_1_SetPriority
 .text.inter_infrared_falling_1_Enable
                0x00001e30       0x18 .\CortexM3\ARM_GCC_441\Debug\carlab_302.a(inter_infrared_falling_1.o)
                0x00001e30                inter_infrared_falling_1_Enable
 .text.inter_infrared_falling_1_Disable
                0x00001e48       0x18 .\CortexM3\ARM_GCC_441\Debug\carlab_302.a(inter_infrared_falling_1.o)
                0x00001e48                inter_infrared_falling_1_Disable
 .text.inter_infrared_rising_2_Start
                0x00001e60       0x24 .\CortexM3\ARM_GCC_441\Debug\carlab_302.a(inter_infrared_rising_2.o)
                0x00001e60                inter_infrared_rising_2_Start
 .text.inter_infrared_rising_2_Interrupt
                0x00001e84        0xc .\CortexM3\ARM_GCC_441\Debug\carlab_302.a(inter_infrared_rising_2.o)
                0x00001e84                inter_infrared_rising_2_Interrupt
 .text.inter_infrared_rising_2_SetVector
                0x00001e90       0x28 .\CortexM3\ARM_GCC_441\Debug\carlab_302.a(inter_infrared_rising_2.o)
                0x00001e90                inter_infrared_rising_2_SetVector
 .text.inter_infrared_rising_2_SetPriority
                0x00001eb8       0x28 .\CortexM3\ARM_GCC_441\Debug\carlab_302.a(inter_infrared_rising_2.o)
                0x00001eb8                inter_infrared_rising_2_SetPriority
 .text.inter_infrared_rising_2_Enable
                0x00001ee0       0x18 .\CortexM3\ARM_GCC_441\Debug\carlab_302.a(inter_infrared_rising_2.o)
                0x00001ee0                inter_infrared_rising_2_Enable
 .text.inter_infrared_rising_2_Disable
                0x00001ef8       0x18 .\CortexM3\ARM_GCC_441\Debug\carlab_302.a(inter_infrared_rising_2.o)
                0x00001ef8                inter_infrared_rising_2_Disable
 .text.Timer_Infrared_2_Init
                0x00001f10       0x60 .\CortexM3\ARM_GCC_441\Debug\carlab_302.a(Timer_Infrared_2.o)
                0x00001f10                Timer_Infrared_2_Init
 .text.Timer_Infrared_2_Enable
                0x00001f70       0x2c .\CortexM3\ARM_GCC_441\Debug\carlab_302.a(Timer_Infrared_2.o)
                0x00001f70                Timer_Infrared_2_Enable
 .text.Timer_Infrared_2_Start
                0x00001f9c       0x2c .\CortexM3\ARM_GCC_441\Debug\carlab_302.a(Timer_Infrared_2.o)
                0x00001f9c                Timer_Infrared_2_Start
 .text.Timer_Infrared_2_SetInterruptMode
                0x00001fc8       0x20 .\CortexM3\ARM_GCC_441\Debug\carlab_302.a(Timer_Infrared_2.o)
                0x00001fc8                Timer_Infrared_2_SetInterruptMode
 .text.Timer_Infrared_2_ReadStatusRegister
                0x00001fe8       0x18 .\CortexM3\ARM_GCC_441\Debug\carlab_302.a(Timer_Infrared_2.o)
                0x00001fe8                Timer_Infrared_2_ReadStatusRegister
 .text.Timer_Infrared_2_WritePeriod
                0x00002000       0x20 .\CortexM3\ARM_GCC_441\Debug\carlab_302.a(Timer_Infrared_2.o)
                0x00002000                Timer_Infrared_2_WritePeriod
 .text.Timer_Infrared_2_ReadCapture
                0x00002020       0x1c .\CortexM3\ARM_GCC_441\Debug\carlab_302.a(Timer_Infrared_2.o)
                0x00002020                Timer_Infrared_2_ReadCapture
 .text.Timer_Infrared_2_WriteCounter
                0x0000203c       0x20 .\CortexM3\ARM_GCC_441\Debug\carlab_302.a(Timer_Infrared_2.o)
                0x0000203c                Timer_Infrared_2_WriteCounter
 .text.Timer_Infrared_2_SetInterruptCount
                0x0000205c       0x54 .\CortexM3\ARM_GCC_441\Debug\carlab_302.a(Timer_Infrared_2.o)
                0x0000205c                Timer_Infrared_2_SetInterruptCount
 .text.Timer_Infrared_2_ClearFIFO
                0x000020b0       0x1c .\CortexM3\ARM_GCC_441\Debug\carlab_302.a(Timer_Infrared_2.o)
                0x000020b0                Timer_Infrared_2_ClearFIFO
 .text.inter_infrared_falling_2_Start
                0x000020cc       0x24 .\CortexM3\ARM_GCC_441\Debug\carlab_302.a(inter_infrared_falling_2.o)
                0x000020cc                inter_infrared_falling_2_Start
 .text.inter_infrared_falling_2_Interrupt
                0x000020f0        0xc .\CortexM3\ARM_GCC_441\Debug\carlab_302.a(inter_infrared_falling_2.o)
                0x000020f0                inter_infrared_falling_2_Interrupt
 .text.inter_infrared_falling_2_SetVector
                0x000020fc       0x28 .\CortexM3\ARM_GCC_441\Debug\carlab_302.a(inter_infrared_falling_2.o)
                0x000020fc                inter_infrared_falling_2_SetVector
 .text.inter_infrared_falling_2_SetPriority
                0x00002124       0x28 .\CortexM3\ARM_GCC_441\Debug\carlab_302.a(inter_infrared_falling_2.o)
                0x00002124                inter_infrared_falling_2_SetPriority
 .text.inter_infrared_falling_2_Enable
                0x0000214c       0x18 .\CortexM3\ARM_GCC_441\Debug\carlab_302.a(inter_infrared_falling_2.o)
                0x0000214c                inter_infrared_falling_2_Enable
 .text.inter_infrared_falling_2_Disable
                0x00002164       0x18 .\CortexM3\ARM_GCC_441\Debug\carlab_302.a(inter_infrared_falling_2.o)
                0x00002164                inter_infrared_falling_2_Disable
 .text.inter_infrared_rising_3_Start
                0x0000217c       0x24 .\CortexM3\ARM_GCC_441\Debug\carlab_302.a(inter_infrared_rising_3.o)
                0x0000217c                inter_infrared_rising_3_Start
 .text.inter_infrared_rising_3_Interrupt
                0x000021a0        0xc .\CortexM3\ARM_GCC_441\Debug\carlab_302.a(inter_infrared_rising_3.o)
                0x000021a0                inter_infrared_rising_3_Interrupt
 .text.inter_infrared_rising_3_SetVector
                0x000021ac       0x28 .\CortexM3\ARM_GCC_441\Debug\carlab_302.a(inter_infrared_rising_3.o)
                0x000021ac                inter_infrared_rising_3_SetVector
 .text.inter_infrared_rising_3_SetPriority
                0x000021d4       0x28 .\CortexM3\ARM_GCC_441\Debug\carlab_302.a(inter_infrared_rising_3.o)
                0x000021d4                inter_infrared_rising_3_SetPriority
 .text.inter_infrared_rising_3_Enable
                0x000021fc       0x18 .\CortexM3\ARM_GCC_441\Debug\carlab_302.a(inter_infrared_rising_3.o)
                0x000021fc                inter_infrared_rising_3_Enable
 .text.inter_infrared_rising_3_Disable
                0x00002214       0x18 .\CortexM3\ARM_GCC_441\Debug\carlab_302.a(inter_infrared_rising_3.o)
                0x00002214                inter_infrared_rising_3_Disable
 .text.Timer_Infrared_3_Init
                0x0000222c       0x60 .\CortexM3\ARM_GCC_441\Debug\carlab_302.a(Timer_Infrared_3.o)
                0x0000222c                Timer_Infrared_3_Init
 .text.Timer_Infrared_3_Enable
                0x0000228c       0x2c .\CortexM3\ARM_GCC_441\Debug\carlab_302.a(Timer_Infrared_3.o)
                0x0000228c                Timer_Infrared_3_Enable
 .text.Timer_Infrared_3_Start
                0x000022b8       0x2c .\CortexM3\ARM_GCC_441\Debug\carlab_302.a(Timer_Infrared_3.o)
                0x000022b8                Timer_Infrared_3_Start
 .text.Timer_Infrared_3_SetInterruptMode
                0x000022e4       0x20 .\CortexM3\ARM_GCC_441\Debug\carlab_302.a(Timer_Infrared_3.o)
                0x000022e4                Timer_Infrared_3_SetInterruptMode
 .text.Timer_Infrared_3_ReadStatusRegister
                0x00002304       0x18 .\CortexM3\ARM_GCC_441\Debug\carlab_302.a(Timer_Infrared_3.o)
                0x00002304                Timer_Infrared_3_ReadStatusRegister
 .text.Timer_Infrared_3_WritePeriod
                0x0000231c       0x20 .\CortexM3\ARM_GCC_441\Debug\carlab_302.a(Timer_Infrared_3.o)
                0x0000231c                Timer_Infrared_3_WritePeriod
 .text.Timer_Infrared_3_ReadCapture
                0x0000233c       0x1c .\CortexM3\ARM_GCC_441\Debug\carlab_302.a(Timer_Infrared_3.o)
                0x0000233c                Timer_Infrared_3_ReadCapture
 .text.Timer_Infrared_3_WriteCounter
                0x00002358       0x20 .\CortexM3\ARM_GCC_441\Debug\carlab_302.a(Timer_Infrared_3.o)
                0x00002358                Timer_Infrared_3_WriteCounter
 .text.Timer_Infrared_3_SetInterruptCount
                0x00002378       0x54 .\CortexM3\ARM_GCC_441\Debug\carlab_302.a(Timer_Infrared_3.o)
                0x00002378                Timer_Infrared_3_SetInterruptCount
 .text.Timer_Infrared_3_ClearFIFO
                0x000023cc       0x1c .\CortexM3\ARM_GCC_441\Debug\carlab_302.a(Timer_Infrared_3.o)
                0x000023cc                Timer_Infrared_3_ClearFIFO
 .text.inter_infrared_falling_3_Start
                0x000023e8       0x24 .\CortexM3\ARM_GCC_441\Debug\carlab_302.a(inter_infrared_falling_3.o)
                0x000023e8                inter_infrared_falling_3_Start
 .text.inter_infrared_falling_3_Interrupt
                0x0000240c        0xc .\CortexM3\ARM_GCC_441\Debug\carlab_302.a(inter_infrared_falling_3.o)
                0x0000240c                inter_infrared_falling_3_Interrupt
 .text.inter_infrared_falling_3_SetVector
                0x00002418       0x28 .\CortexM3\ARM_GCC_441\Debug\carlab_302.a(inter_infrared_falling_3.o)
                0x00002418                inter_infrared_falling_3_SetVector
 .text.inter_infrared_falling_3_SetPriority
                0x00002440       0x28 .\CortexM3\ARM_GCC_441\Debug\carlab_302.a(inter_infrared_falling_3.o)
                0x00002440                inter_infrared_falling_3_SetPriority
 .text.inter_infrared_falling_3_Enable
                0x00002468       0x18 .\CortexM3\ARM_GCC_441\Debug\carlab_302.a(inter_infrared_falling_3.o)
                0x00002468                inter_infrared_falling_3_Enable
 .text.inter_infrared_falling_3_Disable
                0x00002480       0x18 .\CortexM3\ARM_GCC_441\Debug\carlab_302.a(inter_infrared_falling_3.o)
                0x00002480                inter_infrared_falling_3_Disable
 .text.inter_infrared_rising_0_Start
                0x00002498       0x24 .\CortexM3\ARM_GCC_441\Debug\carlab_302.a(inter_infrared_rising_0.o)
                0x00002498                inter_infrared_rising_0_Start
 .text.inter_infrared_rising_0_Interrupt
                0x000024bc        0xc .\CortexM3\ARM_GCC_441\Debug\carlab_302.a(inter_infrared_rising_0.o)
                0x000024bc                inter_infrared_rising_0_Interrupt
 .text.inter_infrared_rising_0_SetVector
                0x000024c8       0x28 .\CortexM3\ARM_GCC_441\Debug\carlab_302.a(inter_infrared_rising_0.o)
                0x000024c8                inter_infrared_rising_0_SetVector
 .text.inter_infrared_rising_0_SetPriority
                0x000024f0       0x28 .\CortexM3\ARM_GCC_441\Debug\carlab_302.a(inter_infrared_rising_0.o)
                0x000024f0                inter_infrared_rising_0_SetPriority
 .text.inter_infrared_rising_0_Enable
                0x00002518       0x18 .\CortexM3\ARM_GCC_441\Debug\carlab_302.a(inter_infrared_rising_0.o)
                0x00002518                inter_infrared_rising_0_Enable
 .text.inter_infrared_rising_0_Disable
                0x00002530       0x18 .\CortexM3\ARM_GCC_441\Debug\carlab_302.a(inter_infrared_rising_0.o)
                0x00002530                inter_infrared_rising_0_Disable
 .text.Timer_Infrared_0_Init
                0x00002548       0x60 .\CortexM3\ARM_GCC_441\Debug\carlab_302.a(Timer_Infrared_0.o)
                0x00002548                Timer_Infrared_0_Init
 .text.Timer_Infrared_0_Enable
                0x000025a8       0x2c .\CortexM3\ARM_GCC_441\Debug\carlab_302.a(Timer_Infrared_0.o)
                0x000025a8                Timer_Infrared_0_Enable
 .text.Timer_Infrared_0_Start
                0x000025d4       0x2c .\CortexM3\ARM_GCC_441\Debug\carlab_302.a(Timer_Infrared_0.o)
                0x000025d4                Timer_Infrared_0_Start
 .text.Timer_Infrared_0_SetInterruptMode
                0x00002600       0x20 .\CortexM3\ARM_GCC_441\Debug\carlab_302.a(Timer_Infrared_0.o)
                0x00002600                Timer_Infrared_0_SetInterruptMode
 .text.Timer_Infrared_0_ReadStatusRegister
                0x00002620       0x18 .\CortexM3\ARM_GCC_441\Debug\carlab_302.a(Timer_Infrared_0.o)
                0x00002620                Timer_Infrared_0_ReadStatusRegister
 .text.Timer_Infrared_0_WritePeriod
                0x00002638       0x20 .\CortexM3\ARM_GCC_441\Debug\carlab_302.a(Timer_Infrared_0.o)
                0x00002638                Timer_Infrared_0_WritePeriod
 .text.Timer_Infrared_0_ReadCapture
                0x00002658       0x1c .\CortexM3\ARM_GCC_441\Debug\carlab_302.a(Timer_Infrared_0.o)
                0x00002658                Timer_Infrared_0_ReadCapture
 .text.Timer_Infrared_0_WriteCounter
                0x00002674       0x20 .\CortexM3\ARM_GCC_441\Debug\carlab_302.a(Timer_Infrared_0.o)
                0x00002674                Timer_Infrared_0_WriteCounter
 .text.Timer_Infrared_0_SetInterruptCount
                0x00002694       0x54 .\CortexM3\ARM_GCC_441\Debug\carlab_302.a(Timer_Infrared_0.o)
                0x00002694                Timer_Infrared_0_SetInterruptCount
 .text.Timer_Infrared_0_ClearFIFO
                0x000026e8       0x1c .\CortexM3\ARM_GCC_441\Debug\carlab_302.a(Timer_Infrared_0.o)
                0x000026e8                Timer_Infrared_0_ClearFIFO
 .text.inter_infrared_falling_0_Start
                0x00002704       0x24 .\CortexM3\ARM_GCC_441\Debug\carlab_302.a(inter_infrared_falling_0.o)
                0x00002704                inter_infrared_falling_0_Start
 .text.inter_infrared_falling_0_Interrupt
                0x00002728        0xc .\CortexM3\ARM_GCC_441\Debug\carlab_302.a(inter_infrared_falling_0.o)
                0x00002728                inter_infrared_falling_0_Interrupt
 .text.inter_infrared_falling_0_SetVector
                0x00002734       0x28 .\CortexM3\ARM_GCC_441\Debug\carlab_302.a(inter_infrared_falling_0.o)
                0x00002734                inter_infrared_falling_0_SetVector
 .text.inter_infrared_falling_0_SetPriority
                0x0000275c       0x28 .\CortexM3\ARM_GCC_441\Debug\carlab_302.a(inter_infrared_falling_0.o)
                0x0000275c                inter_infrared_falling_0_SetPriority
 .text.inter_infrared_falling_0_Enable
                0x00002784       0x18 .\CortexM3\ARM_GCC_441\Debug\carlab_302.a(inter_infrared_falling_0.o)
                0x00002784                inter_infrared_falling_0_Enable
 .text.inter_infrared_falling_0_Disable
                0x0000279c       0x18 .\CortexM3\ARM_GCC_441\Debug\carlab_302.a(inter_infrared_falling_0.o)
                0x0000279c                inter_infrared_falling_0_Disable
 .text.Control_Reg_Write
                0x000027b4       0x20 .\CortexM3\ARM_GCC_441\Debug\carlab_302.a(Control_Reg.o)
                0x000027b4                Control_Reg_Write
 .text.cfg_write_bytes32
                0x000027d4       0x94 .\CortexM3\ARM_GCC_441\Debug\carlab_302.a(cyfitter_cfg.o)
 .text.ClockSetup
                0x00002868      0x190 .\CortexM3\ARM_GCC_441\Debug\carlab_302.a(cyfitter_cfg.o)
 .text.AnalogSetDefault
                0x000029f8       0x4c .\CortexM3\ARM_GCC_441\Debug\carlab_302.a(cyfitter_cfg.o)
                0x000029f8                AnalogSetDefault
 .text.cyfitter_cfg
                0x00002a44      0x258 .\CortexM3\ARM_GCC_441\Debug\carlab_302.a(cyfitter_cfg.o)
                0x00002a44                cyfitter_cfg
 *fill*         0x00002c9c        0x4 00
 .text          0x00002ca0       0x20 .\CortexM3\ARM_GCC_441\Debug\carlab_302.a(CyBootAsmGnu.o)
                0x00002ca0                CyDelayCycles
                0x00002cb0                CyEnterCriticalSection
                0x00002cb8                CyExitCriticalSection
 .text.CySetReg24
                0x00002cc0       0x4c .\CortexM3\ARM_GCC_441\Debug\carlab_302.a(cyutils.o)
                0x00002cc0                CySetReg24
 .text          0x00002d0c      0x370 c:/program files (x86)/cypress/psoc creator/2.1/psoc creator/import/gnu_cs/arm/4.4.1/bin/../lib/gcc/arm-none-eabi/4.4.1/thumb2\libgcc.a(_arm_addsubdf3.o)
                0x00002d0c                __aeabi_drsub
                0x00002d14                __aeabi_dsub
                0x00002d14                __subdf3
                0x00002d18                __aeabi_dadd
                0x00002d18                __adddf3
                0x00002f90                __floatunsidf
                0x00002f90                __aeabi_ui2d
                0x00002fb0                __floatsidf
                0x00002fb0                __aeabi_i2d
                0x00002fd4                __aeabi_f2d
                0x00002fd4                __extendsfdf2
                0x00003010                __floatundidf
                0x00003010                __aeabi_ul2d
                0x00003020                __floatdidf
                0x00003020                __aeabi_l2d
 .text          0x0000307c      0x424 c:/program files (x86)/cypress/psoc creator/2.1/psoc creator/import/gnu_cs/arm/4.4.1/bin/../lib/gcc/arm-none-eabi/4.4.1/thumb2\libgcc.a(_arm_muldivdf3.o)
                0x0000307c                __aeabi_dmul
                0x0000307c                __muldf3
                0x000032d0                __divdf3
                0x000032d0                __aeabi_ddiv
 .text          0x000034a0      0x110 c:/program files (x86)/cypress/psoc creator/2.1/psoc creator/import/gnu_cs/arm/4.4.1/bin/../lib/gcc/arm-none-eabi/4.4.1/thumb2\libgcc.a(_arm_cmpdf2.o)
                0x000034a0                __gtdf2
                0x000034a0                __gedf2
                0x000034a8                __ltdf2
                0x000034a8                __ledf2
                0x000034b0                __nedf2
                0x000034b0                __eqdf2
                0x000034b0                __cmpdf2
                0x0000352c                __aeabi_cdrcmple
                0x0000353c                __aeabi_cdcmpeq
                0x0000353c                __aeabi_cdcmple
                0x0000354c                __aeabi_dcmpeq
                0x00003560                __aeabi_dcmplt
                0x00003574                __aeabi_dcmple
                0x00003588                __aeabi_dcmpge
                0x0000359c                __aeabi_dcmpgt
 .text          0x000035b0       0x40 c:/program files (x86)/cypress/psoc creator/2.1/psoc creator/import/gnu_cs/arm/4.4.1/bin/../lib/gcc/arm-none-eabi/4.4.1/thumb2\libgcc.a(_arm_fixunsdfsi.o)
                0x000035b0                __aeabi_d2uiz
                0x000035b0                __fixunsdfsi
 .text          0x000035f0      0x190 c:/program files (x86)/cypress/psoc creator/2.1/psoc creator/import/gnu_cs/arm/4.4.1/bin/../lib/gcc/arm-none-eabi/4.4.1/../../../../arm-none-eabi/lib/thumb2\libc.a(lib_a-memcpy.o)
                0x000035f0                memcpy
 .text          0x00003780       0xd4 c:/program files (x86)/cypress/psoc creator/2.1/psoc creator/import/gnu_cs/arm/4.4.1/bin/../lib/gcc/arm-none-eabi/4.4.1/../../../../arm-none-eabi/lib/thumb2\libc.a(lib_a-memset.o)
                0x00003780                memset
 .text          0x00003854       0x94 c:/program files (x86)/cypress/psoc creator/2.1/psoc creator/import/gnu_cs/arm/4.4.1/bin/../lib/gcc/arm-none-eabi/4.4.1/../../../../arm-none-eabi/lib/thumb2\libc.a(lib_a-sprintf.o)
                0x00003854                sprintf
                0x000038a4                _sprintf_r
 .text          0x000038e8     0x15a8 c:/program files (x86)/cypress/psoc creator/2.1/psoc creator/import/gnu_cs/arm/4.4.1/bin/../lib/gcc/arm-none-eabi/4.4.1/../../../../arm-none-eabi/lib/thumb2\libc.a(lib_a-svfprintf.o)
                0x00003a04                _svfprintf_r
 .text          0x00004e90      0xfb8 c:/program files (x86)/cypress/psoc creator/2.1/psoc creator/import/gnu_cs/arm/4.4.1/bin/../lib/gcc/arm-none-eabi/4.4.1/../../../../arm-none-eabi/lib/thumb2\libc.a(lib_a-dtoa.o)
                0x00004fb0                _dtoa_r
 .text          0x00005e48      0x268 c:/program files (x86)/cypress/psoc creator/2.1/psoc creator/import/gnu_cs/arm/4.4.1/bin/../lib/gcc/arm-none-eabi/4.4.1/../../../../arm-none-eabi/lib/thumb2\libc.a(lib_a-freer.o)
                0x00005e48                _malloc_trim_r
                0x00005ef0                _free_r
 .text          0x000060b0       0x74 c:/program files (x86)/cypress/psoc creator/2.1/psoc creator/import/gnu_cs/arm/4.4.1/bin/../lib/gcc/arm-none-eabi/4.4.1/../../../../arm-none-eabi/lib/thumb2\libc.a(lib_a-locale.o)
                0x000060b0                __locale_charset
                0x000060bc                _localeconv_r
                0x000060c4                localeconv
                0x000060cc                _setlocale_r
                0x00006114                setlocale
 .text          0x00006124       0x20 c:/program files (x86)/cypress/psoc creator/2.1/psoc creator/import/gnu_cs/arm/4.4.1/bin/../lib/gcc/arm-none-eabi/4.4.1/../../../../arm-none-eabi/lib/thumb2\libc.a(lib_a-malloc.o)
                0x00006124                free
                0x00006134                malloc
 .text          0x00006144      0x5a4 c:/program files (x86)/cypress/psoc creator/2.1/psoc creator/import/gnu_cs/arm/4.4.1/bin/../lib/gcc/arm-none-eabi/4.4.1/../../../../arm-none-eabi/lib/thumb2\libc.a(lib_a-mallocr.o)
                0x00006144                _malloc_r
 .text          0x000066e8       0x74 c:/program files (x86)/cypress/psoc creator/2.1/psoc creator/import/gnu_cs/arm/4.4.1/bin/../lib/gcc/arm-none-eabi/4.4.1/../../../../arm-none-eabi/lib/thumb2\libc.a(lib_a-memchr.o)
                0x000066e8                memchr
 .text          0x0000675c       0xb8 c:/program files (x86)/cypress/psoc creator/2.1/psoc creator/import/gnu_cs/arm/4.4.1/bin/../lib/gcc/arm-none-eabi/4.4.1/../../../../arm-none-eabi/lib/thumb2\libc.a(lib_a-memmove.o)
                0x0000675c                memmove
 .text          0x00006814        0x8 c:/program files (x86)/cypress/psoc creator/2.1/psoc creator/import/gnu_cs/arm/4.4.1/bin/../lib/gcc/arm-none-eabi/4.4.1/../../../../arm-none-eabi/lib/thumb2\libc.a(lib_a-mlock.o)
                0x00006814                __malloc_lock
                0x00006818                __malloc_unlock
 .text          0x0000681c      0x958 c:/program files (x86)/cypress/psoc creator/2.1/psoc creator/import/gnu_cs/arm/4.4.1/bin/../lib/gcc/arm-none-eabi/4.4.1/../../../../arm-none-eabi/lib/thumb2\libc.a(lib_a-mprec.o)
                0x0000681c                __hi0bits
                0x0000685c                __lo0bits
                0x000068c0                __mcmp
                0x00006900                __ulp
                0x0000694c                __b2d
                0x000069f4                __ratio
                0x00006a54                _mprec_log10
                0x00006a8c                __copybits
                0x00006adc                __any_on
                0x00006b34                _Bfree
                0x00006b6c                _Balloc
                0x00006bd8                __d2b
                0x00006ca8                __mdiff
                0x00006da0                __lshift
                0x00006e5c                __multiply
                0x00006f90                __i2b
                0x00006fa4                __multadd
                0x0000702c                __pow5mult
                0x000070d8                __s2b
 .text          0x00007174      0x3b4 c:/program files (x86)/cypress/psoc creator/2.1/psoc creator/import/gnu_cs/arm/4.4.1/bin/../lib/gcc/arm-none-eabi/4.4.1/../../../../arm-none-eabi/lib/thumb2\libc.a(lib_a-reallocr.o)
                0x00007174                _realloc_r
 .text          0x00007528       0x24 c:/program files (x86)/cypress/psoc creator/2.1/psoc creator/import/gnu_cs/arm/4.4.1/bin/../lib/gcc/arm-none-eabi/4.4.1/../../../../arm-none-eabi/lib/thumb2\libc.a(lib_a-s_isinfd.o)
                0x00007528                __isinfd
 .text          0x0000754c       0x1c c:/program files (x86)/cypress/psoc creator/2.1/psoc creator/import/gnu_cs/arm/4.4.1/bin/../lib/gcc/arm-none-eabi/4.4.1/../../../../arm-none-eabi/lib/thumb2\libc.a(lib_a-s_isnand.o)
                0x0000754c                __isnand
 .text          0x00007568       0x28 c:/program files (x86)/cypress/psoc creator/2.1/psoc creator/import/gnu_cs/arm/4.4.1/bin/../lib/gcc/arm-none-eabi/4.4.1/../../../../arm-none-eabi/lib/thumb2\libc.a(lib_a-sbrkr.o)
                0x00007568                _sbrk_r
 .text          0x00007590      0x1dc c:/program files (x86)/cypress/psoc creator/2.1/psoc creator/import/gnu_cs/arm/4.4.1/bin/../lib/gcc/arm-none-eabi/4.4.1/../../../../arm-none-eabi/lib/thumb2\libc.a(lib_a-strcmp.o)
                0x00007590                strcmp
 .text          0x0000776c       0x60 c:/program files (x86)/cypress/psoc creator/2.1/psoc creator/import/gnu_cs/arm/4.4.1/bin/../lib/gcc/arm-none-eabi/4.4.1/../../../../arm-none-eabi/lib/thumb2\libc.a(lib_a-strlen.o)
                0x0000776c                strlen
 .text          0x000077cc       0x5c c:/program files (x86)/cypress/psoc creator/2.1/psoc creator/import/gnu_cs/arm/4.4.1/bin/../lib/gcc/arm-none-eabi/4.4.1/../../../../arm-none-eabi/lib/thumb2\libc.a(lib_a-callocr.o)
                0x000077cc                _calloc_r
 .text          0x00007828      0x278 c:/program files (x86)/cypress/psoc creator/2.1/psoc creator/import/gnu_cs/arm/4.4.1/bin/../lib/gcc/arm-none-eabi/4.4.1/thumb2\libgcc.a(_udivsi3.o)
                0x00007828                __aeabi_uidiv
                0x00007828                __udivsi3
                0x00007a84                __aeabi_uidivmod
 .text          0x00007aa0        0x4 c:/program files (x86)/cypress/psoc creator/2.1/psoc creator/import/gnu_cs/arm/4.4.1/bin/../lib/gcc/arm-none-eabi/4.4.1/thumb2\libgcc.a(_dvmd_tls.o)
                0x00007aa0                __aeabi_idiv0
                0x00007aa0                __aeabi_ldiv0
 .text          0x00007aa4       0x50 c:/program files (x86)/cypress/psoc creator/2.1/psoc creator/import/gnu_cs/arm/4.4.1/bin/../lib/gcc/arm-none-eabi/4.4.1/thumb2\libgcc.a(_arm_fixdfsi.o)
                0x00007aa4                __aeabi_d2iz
                0x00007aa4                __fixdfsi
 .text          0x00007af4       0x2c c:/program files (x86)/cypress/psoc creator/2.1/psoc creator/import/gnu_cs/arm/4.4.1/bin/../lib/gcc/arm-none-eabi/4.4.1/thumb2\libgcc.a(_aeabi_uldivmod.o)
                0x00007af4                __aeabi_uldivmod
 .text          0x00007b20       0x58 c:/program files (x86)/cypress/psoc creator/2.1/psoc creator/import/gnu_cs/arm/4.4.1/bin/../lib/gcc/arm-none-eabi/4.4.1/thumb2\libgcc.a(bpabi.o)
                0x00007b20                __gnu_uldivmod_helper
                0x00007b4c                __gnu_ldivmod_helper
 .text          0x00007b78      0x364 c:/program files (x86)/cypress/psoc creator/2.1/psoc creator/import/gnu_cs/arm/4.4.1/bin/../lib/gcc/arm-none-eabi/4.4.1/thumb2\libgcc.a(_divdi3.o)
                0x00007b78                __divdi3
 .text          0x00007edc      0x300 c:/program files (x86)/cypress/psoc creator/2.1/psoc creator/import/gnu_cs/arm/4.4.1/bin/../lib/gcc/arm-none-eabi/4.4.1/thumb2\libgcc.a(_udivdi3.o)
                0x00007edc                __udivdi3
 .text          0x000081dc       0x30 c:/program files (x86)/cypress/psoc creator/2.1/psoc creator/import/gnu_cs/arm/4.4.1/bin/../lib/gcc/arm-none-eabi/4.4.1/../../../../arm-none-eabi/lib/thumb2\libcs3.a(start_c.o)
                0x000081dc                __cs3_premain
 .text          0x0000820c       0x44 c:/program files (x86)/cypress/psoc creator/2.1/psoc creator/import/gnu_cs/arm/4.4.1/bin/../lib/gcc/arm-none-eabi/4.4.1/../../../../arm-none-eabi/lib/thumb2\libcs3unhosted.a(unhosted-sbrk.o)
                0x0000820c                _sbrk
 .text          0x00008250        0x2 c:/program files (x86)/cypress/psoc creator/2.1/psoc creator/import/gnu_cs/arm/4.4.1/bin/../lib/gcc/arm-none-eabi/4.4.1/../../../../arm-none-eabi/lib/thumb2\libcs3micro.a(micro_isr_interrupt.o)
                0x00008250                __cs3_isr_external_24
                0x00008250                __cs3_isr_external_9
                0x00008250                __cs3_isr_external_14
                0x00008250                __cs3_isr_reserved_9
                0x00008250                __cs3_isr_external_4
                0x00008250                __cs3_isr_external_21
                0x00008250                __cs3_isr_external_0
                0x00008250                __cs3_isr_external_27
                0x00008250                __cs3_isr_external_11
                0x00008250                __cs3_isr_usage_fault
                0x00008250                __cs3_isr_svcall
                0x00008250                __cs3_isr_external_3
                0x00008250                __cs3_isr_mpu_fault
                0x00008250                __cs3_isr_external_16
                0x00008250                __cs3_isr_pendsv
                0x00008250                __cs3_isr_external_31
                0x00008250                __cs3_isr_nmi
                0x00008250                __cs3_isr_external_5
                0x00008250                __cs3_isr_external_6
                0x00008250                __cs3_isr_external_12
                0x00008250                __cs3_isr_hard_fault
                0x00008250                __cs3_isr_bus_fault
                0x00008250                __cs3_isr_external_1
                0x00008250                __cs3_isr_external_13
                0x00008250                __cs3_isr_external_30
                0x00008250                __cs3_isr_external_23
                0x00008250                __cs3_isr_external_20
                0x00008250                __cs3_isr_debug
                0x00008250                __cs3_isr_reserved_13
                0x00008250                __cs3_isr_external_8
                0x00008250                __cs3_isr_external_26
                0x00008250                __cs3_isr_reserved_8
                0x00008250                __cs3_isr_reserved_7
                0x00008250                __cs3_isr_external_7
                0x00008250                __cs3_isr_external_28
                0x00008250                __cs3_isr_systick
                0x00008250                __cs3_isr_external_22
                0x00008250                __cs3_isr_external_10
                0x00008250                __cs3_isr_external_15
                0x00008250                __cs3_isr_interrupt
                0x00008250                __cs3_isr_external_18
                0x00008250                __cs3_isr_external_29
                0x00008250                __cs3_isr_external_25
                0x00008250                __cs3_isr_reserved_10
                0x00008250                __cs3_isr_external_2
                0x00008250                __cs3_isr_external_17
                0x00008250                __cs3_isr_external_19
 *fill*         0x00008252        0x2 00
 .text          0x00008254        0xc c:/program files (x86)/cypress/psoc creator/2.1/psoc creator/import/gnu_cs/arm/4.4.1/bin/../lib/gcc/arm-none-eabi/4.4.1/../../../../arm-none-eabi/lib/thumb2\libc.a(lib_a-errno.o)
                0x00008254                __errno
 .text          0x00008260       0x50 c:/program files (x86)/cypress/psoc creator/2.1/psoc creator/import/gnu_cs/arm/4.4.1/bin/../lib/gcc/arm-none-eabi/4.4.1/../../../../arm-none-eabi/lib/thumb2\libc.a(lib_a-init.o)
                0x00008260                __libc_init_array
 *(.plt)
 *(.gnu.warning)
 *(.glue_7t)
 .glue_7t       0x00000000        0x0 linker stubs
 *(.glue_7)
 .glue_7        0x00000000        0x0 linker stubs
 *(.vfp11_veneer)
 .vfp11_veneer  0x00000000        0x0 linker stubs
 *(.bootloader)
 *(.ARM.extab* .gnu.linkonce.armextab.*)
 *(.gcc_except_table)

.v4_bx          0x000082b0        0x0
 .v4_bx         0x00000000        0x0 linker stubs

.eh_frame_hdr
 *(.eh_frame_hdr)

.eh_frame
 *(.eh_frame)
                0x000082b0                PROVIDE (__exidx_start, .)

.ARM.exidx      0x000082b0        0x8
 *(.ARM.exidx* .gnu.linkonce.armexidx.*)
 .ARM.exidx     0x000082b0        0x8 c:/program files (x86)/cypress/psoc creator/2.1/psoc creator/import/gnu_cs/arm/4.4.1/bin/../lib/gcc/arm-none-eabi/4.4.1/thumb2\libgcc.a(_divdi3.o)
 .ARM.exidx     0x000082b8        0x0 c:/program files (x86)/cypress/psoc creator/2.1/psoc creator/import/gnu_cs/arm/4.4.1/bin/../lib/gcc/arm-none-eabi/4.4.1/thumb2\libgcc.a(_udivdi3.o)
                                  0x8 (size before relaxing)
                0x000082b8                __exidx_end = .

.rodata         0x000082b8      0x270
 *(.rodata .rodata.* .gnu.linkonce.r.*)
 .rodata        0x000082b8        0x4 .\CortexM3\ARM_GCC_441\Debug\main.o
 .rodata        0x000082bc       0x50 .\CortexM3\ARM_GCC_441\Debug\carlab_302.a(cyfitter_cfg.o)
 .rodata        0x0000830c       0x20 c:/program files (x86)/cypress/psoc creator/2.1/psoc creator/import/gnu_cs/arm/4.4.1/bin/../lib/gcc/arm-none-eabi/4.4.1/../../../../arm-none-eabi/lib/thumb2\libc.a(lib_a-svfprintf.o)
 .rodata.str1.4
                0x0000832c       0x42 c:/program files (x86)/cypress/psoc creator/2.1/psoc creator/import/gnu_cs/arm/4.4.1/bin/../lib/gcc/arm-none-eabi/4.4.1/../../../../arm-none-eabi/lib/thumb2\libc.a(lib_a-svfprintf.o)
                                 0x44 (size before relaxing)
 *fill*         0x0000836e        0x2 00
 .rodata.str1.4
                0x00008370       0x10 c:/program files (x86)/cypress/psoc creator/2.1/psoc creator/import/gnu_cs/arm/4.4.1/bin/../lib/gcc/arm-none-eabi/4.4.1/../../../../arm-none-eabi/lib/thumb2\libc.a(lib_a-dtoa.o)
                                 0x14 (size before relaxing)
 .rodata.str1.4
                0x00008380        0x2 c:/program files (x86)/cypress/psoc creator/2.1/psoc creator/import/gnu_cs/arm/4.4.1/bin/../lib/gcc/arm-none-eabi/4.4.1/../../../../arm-none-eabi/lib/thumb2\libc.a(lib_a-impure.o)
                                  0x4 (size before relaxing)
 *fill*         0x00008382        0x2 00
 .rodata        0x00008384       0x34 c:/program files (x86)/cypress/psoc creator/2.1/psoc creator/import/gnu_cs/arm/4.4.1/bin/../lib/gcc/arm-none-eabi/4.4.1/../../../../arm-none-eabi/lib/thumb2\libc.a(lib_a-locale.o)
 .rodata.str1.4
                0x000083b8       0x10 c:/program files (x86)/cypress/psoc creator/2.1/psoc creator/import/gnu_cs/arm/4.4.1/bin/../lib/gcc/arm-none-eabi/4.4.1/../../../../arm-none-eabi/lib/thumb2\libc.a(lib_a-locale.o)
                                 0x18 (size before relaxing)
 .rodata        0x000083c8      0x128 c:/program files (x86)/cypress/psoc creator/2.1/psoc creator/import/gnu_cs/arm/4.4.1/bin/../lib/gcc/arm-none-eabi/4.4.1/../../../../arm-none-eabi/lib/thumb2\libc.a(lib_a-mprec.o)
                0x000083c8                __mprec_tens
                0x000084a0                __mprec_bigtens
                0x000084c8                __mprec_tinytens
                0x000084f0                . = ALIGN (0x4)
 *(.init)
 .init          0x000084f0        0x4 c:/program files (x86)/cypress/psoc creator/2.1/psoc creator/import/gnu_cs/arm/4.4.1/bin/../lib/gcc/arm-none-eabi/4.4.1/thumb2/crti.o
                0x000084f0                _init
 .init          0x000084f4        0x8 c:/program files (x86)/cypress/psoc creator/2.1/psoc creator/import/gnu_cs/arm/4.4.1/bin/../lib/gcc/arm-none-eabi/4.4.1/thumb2/crtn.o
                0x000084fc                . = ALIGN (0x4)
                0x000084fc                __preinit_array_start = .
 *(.preinit_array)
                0x000084fc                __preinit_array_end = .
                0x000084fc                . = ALIGN (0x4)
                0x000084fc                __init_array_start = .
 *(SORT(.init_array.*))
 *(.init_array)
 .init_array    0x000084fc        0x4 c:/program files (x86)/cypress/psoc creator/2.1/psoc creator/import/gnu_cs/arm/4.4.1/bin/../lib/gcc/arm-none-eabi/4.4.1/thumb2/crtbegin.o
 .init_array    0x00008500        0x4 .\CortexM3\ARM_GCC_441\Debug\Cm3Start.o
                0x00008504                __init_array_end = .
                0x00008504                . = ALIGN (0x4)
 *(.fini)
 .fini          0x00008504        0x4 c:/program files (x86)/cypress/psoc creator/2.1/psoc creator/import/gnu_cs/arm/4.4.1/bin/../lib/gcc/arm-none-eabi/4.4.1/thumb2/crti.o
                0x00008504                _fini
 .fini          0x00008508        0x8 c:/program files (x86)/cypress/psoc creator/2.1/psoc creator/import/gnu_cs/arm/4.4.1/bin/../lib/gcc/arm-none-eabi/4.4.1/thumb2/crtn.o
                0x00008510                . = ALIGN (0x4)
                0x00008510                __fini_array_start = .
 *(.fini_array)
 .fini_array    0x00008510        0x4 c:/program files (x86)/cypress/psoc creator/2.1/psoc creator/import/gnu_cs/arm/4.4.1/bin/../lib/gcc/arm-none-eabi/4.4.1/thumb2/crtbegin.o
 *(SORT(.fini_array.*))
                0x00008514                __fini_array_end = .
                0x00008514                . = ALIGN (0x4)
 *crtbegin.o(.ctors)
 *(EXCLUDE_FILE(*crtend.o) .ctors)
 *(SORT(.ctors.*))
 *crtend.o(.ctors)
                0x00008514                . = ALIGN (0x4)
 *crtbegin.o(.dtors)
 *(EXCLUDE_FILE(*crtend.o) .dtors)
 *(SORT(.dtors.*))
 *crtend.o(.dtors)
                0x00008514                . = ALIGN (0x4)
                0x00008514                __cs3_regions = .
                0x00008514        0x4 LONG 0x0
                0x00008518        0x4 LONG 0x8528 __cs3_region_init_ram
                0x0000851c        0x4 LONG 0x1fff8000 __cs3_region_start_ram
                0x00008520        0x4 LONG 0x668 __cs3_region_init_size_ram
                0x00008524        0x4 LONG 0x150 __cs3_region_zero_size_ram
                0x00008528                __cs3_regions_end = .
                0x00008528                . = ALIGN (0x8)
                0x00008528                _etext = .

.data           0x1fff8000      0x668 load address 0x00008528
                0x1fff8000                __cs3_region_start_ram = .
 *(.cs3.region-head.ram)
                0x1fff8001                ASSERT ((. == __cs3_region_start_ram), .cs3.region-head.ram not permitted)
 *(.ramvectors)
 .ramvectors    0x1fff8000      0x100 .\CortexM3\ARM_GCC_441\Debug\Cm3Start.o
                0x1fff8000                CyRamVectors
 *(.jcr)
 .jcr           0x1fff8100        0x0 c:/program files (x86)/cypress/psoc creator/2.1/psoc creator/import/gnu_cs/arm/4.4.1/bin/../lib/gcc/arm-none-eabi/4.4.1/thumb2/crtbegin.o
 .jcr           0x1fff8100        0x4 c:/program files (x86)/cypress/psoc creator/2.1/psoc creator/import/gnu_cs/arm/4.4.1/bin/../lib/gcc/arm-none-eabi/4.4.1/thumb2/crtend.o
 *(.got.plt)
 *(.got)
 *(.shdata)
 *(.data .data.* .gnu.linkonce.d.*)
 *fill*         0x1fff8104        0x4 00
 .data          0x1fff8108       0x40 .\CortexM3\ARM_GCC_441\Debug\main.o
                0x1fff8108                circumference
                0x1fff8110                clock_freq
                0x1fff8114                n_sensors_per_rev
                0x1fff8118                inches_per_foot
                0x1fff811c                max_timer_count
                0x1fff8120                target_speed
                0x1fff8128                inf_clk
                0x1fff812c                inf_timer_count
                0x1fff8130                timing_tolerance
                0x1fff8134                activate_0
                0x1fff8138                activate_1
                0x1fff813c                activate_2
                0x1fff8140                activate_3
                0x1fff8144                time_slice
 .data          0x1fff8148       0x10 .\CortexM3\ARM_GCC_441\Debug\carlab_302.a(CyLib.o)
                0x1fff8148                cydelay_freq_hz
                0x1fff814c                cydelay_freq_khz
                0x1fff8150                cydelay_freq_mhz
                0x1fff8154                cydelay_32k_ms
 .data          0x1fff8158       0xf4 c:/program files (x86)/cypress/psoc creator/2.1/psoc creator/import/gnu_cs/arm/4.4.1/bin/../lib/gcc/arm-none-eabi/4.4.1/../../../../arm-none-eabi/lib/thumb2\libc.a(lib_a-impure.o)
                0x1fff8158                _impure_ptr
 .data          0x1fff824c      0x410 c:/program files (x86)/cypress/psoc creator/2.1/psoc creator/import/gnu_cs/arm/4.4.1/bin/../lib/gcc/arm-none-eabi/4.4.1/../../../../arm-none-eabi/lib/thumb2\libc.a(lib_a-mallocr.o)
                0x1fff824c                __malloc_av_
                0x1fff8654                __malloc_sbrk_base
                0x1fff8658                __malloc_trim_threshold
 .data          0x1fff865c        0x4 c:/program files (x86)/cypress/psoc creator/2.1/psoc creator/import/gnu_cs/arm/4.4.1/bin/../lib/gcc/arm-none-eabi/4.4.1/../../../../arm-none-eabi/lib/thumb2\libcs3unhosted.a(unhosted-sbrk.o)
 .data          0x1fff8660        0x4 c:/program files (x86)/cypress/psoc creator/2.1/psoc creator/import/gnu_cs/arm/4.4.1/bin/../lib/gcc/arm-none-eabi/4.4.1/../../../../arm-none-eabi/lib/thumb2\libcs3.a(heap.o)
                0x1fff8660                __cs3_heap_limit
                0x1fff8668                . = ALIGN (0x8)
 *fill*         0x1fff8664        0x4 00
 *(.ram)
                0x1fff8668                _edata = .

.bss            0x1fff8668      0x150 load address 0x00008b90
 *(.shbss)
 *(.bss .bss.* .gnu.linkonce.b.*)
 .bss           0x1fff8668        0x1 c:/program files (x86)/cypress/psoc creator/2.1/psoc creator/import/gnu_cs/arm/4.4.1/bin/../lib/gcc/arm-none-eabi/4.4.1/thumb2/crtbegin.o
 .bss           0x1fff8669        0x2 .\CortexM3\ARM_GCC_441\Debug\carlab_302.a(LCD.o)
                0x1fff8669                LCD_enableState
                0x1fff866a                LCD_initVar
 .bss           0x1fff866b        0x6 .\CortexM3\ARM_GCC_441\Debug\carlab_302.a(UART.o)
                0x1fff866b                UART_rxBufferRead
                0x1fff866c                UART_rxBufferWrite
                0x1fff866d                UART_rxBufferLoopDetect
                0x1fff866e                UART_rxBufferOverflow
                0x1fff866f                UART_initVar
 .bss           0x1fff8671        0x1 .\CortexM3\ARM_GCC_441\Debug\carlab_302.a(PWM_Servo.o)
                0x1fff8671                PWM_Servo_initVar
 .bss           0x1fff8672        0x1 .\CortexM3\ARM_GCC_441\Debug\carlab_302.a(Timer_HE.o)
                0x1fff8672                Timer_HE_initVar
 .bss           0x1fff8673        0x1 .\CortexM3\ARM_GCC_441\Debug\carlab_302.a(PWM_Motor.o)
                0x1fff8673                PWM_Motor_initVar
 .bss           0x1fff8674        0x1 .\CortexM3\ARM_GCC_441\Debug\carlab_302.a(Timer_Infrared_1.o)
                0x1fff8674                Timer_Infrared_1_initVar
 .bss           0x1fff8675        0x1 .\CortexM3\ARM_GCC_441\Debug\carlab_302.a(Timer_Infrared_2.o)
                0x1fff8675                Timer_Infrared_2_initVar
 .bss           0x1fff8676        0x1 .\CortexM3\ARM_GCC_441\Debug\carlab_302.a(Timer_Infrared_3.o)
                0x1fff8676                Timer_Infrared_3_initVar
 .bss           0x1fff8677        0x1 .\CortexM3\ARM_GCC_441\Debug\carlab_302.a(Timer_Infrared_0.o)
                0x1fff8677                Timer_Infrared_0_initVar
 .bss           0x1fff8678       0x34 c:/program files (x86)/cypress/psoc creator/2.1/psoc creator/import/gnu_cs/arm/4.4.1/bin/../lib/gcc/arm-none-eabi/4.4.1/../../../../arm-none-eabi/lib/thumb2\libc.a(lib_a-mallocr.o)
                0x1fff8678                __malloc_top_pad
                0x1fff867c                __malloc_current_mallinfo
                0x1fff86a4                __malloc_max_sbrked_mem
                0x1fff86a8                __malloc_max_total_mem
 *(COMMON)
 *fill*         0x1fff86ac        0x4 00
 COMMON         0x1fff86b0       0xf4 .\CortexM3\ARM_GCC_441\Debug\main.o
                0x1fff86b0                inf_dbg
                0x1fff86b4                inf_rise
                0x1fff86c4                output_initial
                0x1fff86c8                j
                0x1fff86d0                err_current
                0x1fff86d8                output_current
                0x1fff86e0                xUpdated
                0x1fff86e4                i
                0x1fff86e8                error_sum
                0x1fff86f0                delta_t
                0x1fff86f8                inf_rise_prev
                0x1fff8708                dx
                0x1fff8718                axis
                0x1fff8728                sync_width
                0x1fff8730                ki
                0x1fff8738                dy
                0x1fff8748                dbg3
                0x1fff874c                previous_capture
                0x1fff8750                n_fallingEdges
                0x1fff8760                speed
                0x1fff8768                kp
                0x1fff8770                inf_fall
                0x1fff8780                skip
                0x1fff8788                weight
                0x1fff8790                yUpdated
                0x1fff8794                risingEdge
 COMMON         0x1fff87a4        0x1 .\CortexM3\ARM_GCC_441\Debug\carlab_302.a(CyLib.o)
                0x1fff87a4                CyResetStatus
 *fill*         0x1fff87a5        0x3 00
 COMMON         0x1fff87a8        0x5 .\CortexM3\ARM_GCC_441\Debug\carlab_302.a(UART.o)
                0x1fff87a8                UART_rxBuffer
 *fill*         0x1fff87ad        0x3 00
 COMMON         0x1fff87b0        0x4 c:/program files (x86)/cypress/psoc creator/2.1/psoc creator/import/gnu_cs/arm/4.4.1/bin/../lib/gcc/arm-none-eabi/4.4.1/../../../../arm-none-eabi/lib/thumb2\libc.a(lib_a-reent.o)
                0x1fff87b0                errno
                0x1fff87b8                . = ALIGN (0x8)
 *fill*         0x1fff87b4        0x4 00
 *(.ram.b)
                0x1fff87b8                _end = .
                0x1fff87b8                __end = .
                0x20003000                __cs3_region_end_ram = (__cs3_region_start_ram + 0xb000)
                0x0000b000                __cs3_region_size_ram = 0xb000
                0x00008528                __cs3_region_init_ram = LOADADDR (.data)
                0x00000668                __cs3_region_init_size_ram = (_edata - ADDR (.data))
                0x00000150                __cs3_region_zero_size_ram = (_end - _edata)

.stab
 *(.stab)

.stabstr
 *(.stabstr)

.debug
 *(.debug)

.line
 *(.line)

.debug_srcinfo
 *(.debug_srcinfo)

.debug_sfnames
 *(.debug_sfnames)

.comment        0x00000000      0x535
 .comment       0x00000000       0x2b .\CortexM3\ARM_GCC_441\Debug\main.o
 .comment       0x0000002b       0x2b .\CortexM3\ARM_GCC_441\Debug\Cm3Start.o
 .comment       0x00000056       0x2b .\CortexM3\ARM_GCC_441\Debug\carlab_302.a(LCD.o)
 .comment       0x00000081       0x2b .\CortexM3\ARM_GCC_441\Debug\carlab_302.a(CyLib.o)
 .comment       0x000000ac       0x2b .\CortexM3\ARM_GCC_441\Debug\carlab_302.a(cyPm.o)
 .comment       0x000000d7       0x2b .\CortexM3\ARM_GCC_441\Debug\carlab_302.a(inter_HE.o)
 .comment       0x00000102       0x2b .\CortexM3\ARM_GCC_441\Debug\carlab_302.a(UART.o)
 .comment       0x0000012d       0x2b .\CortexM3\ARM_GCC_441\Debug\carlab_302.a(UART_INT.o)
 .comment       0x00000158       0x2b .\CortexM3\ARM_GCC_441\Debug\carlab_302.a(PWM_Servo.o)
 .comment       0x00000183       0x2b .\CortexM3\ARM_GCC_441\Debug\carlab_302.a(Clock_Servo.o)
 .comment       0x000001ae       0x2b .\CortexM3\ARM_GCC_441\Debug\carlab_302.a(Timer_HE.o)
 .comment       0x000001d9       0x2b .\CortexM3\ARM_GCC_441\Debug\carlab_302.a(PWM_Motor.o)
 .comment       0x00000204       0x2b .\CortexM3\ARM_GCC_441\Debug\carlab_302.a(Clock_Motor.o)
 .comment       0x0000022f       0x2b .\CortexM3\ARM_GCC_441\Debug\carlab_302.a(Clock_Infrared.o)
 .comment       0x0000025a       0x2b .\CortexM3\ARM_GCC_441\Debug\carlab_302.a(inter_infrared_rising_1.o)
 .comment       0x00000285       0x2b .\CortexM3\ARM_GCC_441\Debug\carlab_302.a(Timer_Infrared_1.o)
 .comment       0x000002b0       0x2b .\CortexM3\ARM_GCC_441\Debug\carlab_302.a(inter_infrared_falling_1.o)
 .comment       0x000002db       0x2b .\CortexM3\ARM_GCC_441\Debug\carlab_302.a(inter_infrared_rising_2.o)
 .comment       0x00000306       0x2b .\CortexM3\ARM_GCC_441\Debug\carlab_302.a(Timer_Infrared_2.o)
 .comment       0x00000331       0x2b .\CortexM3\ARM_GCC_441\Debug\carlab_302.a(inter_infrared_falling_2.o)
 .comment       0x0000035c       0x2b .\CortexM3\ARM_GCC_441\Debug\carlab_302.a(inter_infrared_rising_3.o)
 .comment       0x00000387       0x2b .\CortexM3\ARM_GCC_441\Debug\carlab_302.a(Timer_Infrared_3.o)
 .comment       0x000003b2       0x2b .\CortexM3\ARM_GCC_441\Debug\carlab_302.a(inter_infrared_falling_3.o)
 .comment       0x000003dd       0x2b .\CortexM3\ARM_GCC_441\Debug\carlab_302.a(inter_infrared_rising_0.o)
 .comment       0x00000408       0x2b .\CortexM3\ARM_GCC_441\Debug\carlab_302.a(Timer_Infrared_0.o)
 .comment       0x00000433       0x2b .\CortexM3\ARM_GCC_441\Debug\carlab_302.a(inter_infrared_falling_0.o)
 .comment       0x0000045e       0x2b .\CortexM3\ARM_GCC_441\Debug\carlab_302.a(Control_Reg.o)
 .comment       0x00000489       0x2b .\CortexM3\ARM_GCC_441\Debug\carlab_302.a(cyfitter_cfg.o)
 .comment       0x000004b4       0x2b .\CortexM3\ARM_GCC_441\Debug\carlab_302.a(CyFlash.o)
 .comment       0x000004df       0x2b .\CortexM3\ARM_GCC_441\Debug\carlab_302.a(CySpc.o)
 .comment       0x0000050a       0x2b .\CortexM3\ARM_GCC_441\Debug\carlab_302.a(cyutils.o)

.debug_aranges  0x00000000     0x1068
 *(.debug_aranges)
 .debug_aranges
                0x00000000       0x80 .\CortexM3\ARM_GCC_441\Debug\main.o
 .debug_aranges
                0x00000080       0x30 .\CortexM3\ARM_GCC_441\Debug\Cm3Start.o
 .debug_aranges
                0x000000b0       0x90 .\CortexM3\ARM_GCC_441\Debug\carlab_302.a(LCD.o)
 .debug_aranges
                0x00000140      0x238 .\CortexM3\ARM_GCC_441\Debug\carlab_302.a(CyLib.o)
 .debug_aranges
                0x00000378       0xa0 .\CortexM3\ARM_GCC_441\Debug\carlab_302.a(cyPm.o)
 .debug_aranges
                0x00000418       0x80 .\CortexM3\ARM_GCC_441\Debug\carlab_302.a(inter_HE.o)
 .debug_aranges
                0x00000498      0x100 .\CortexM3\ARM_GCC_441\Debug\carlab_302.a(UART.o)
 .debug_aranges
                0x00000598       0x20 .\CortexM3\ARM_GCC_441\Debug\carlab_302.a(UART_INT.o)
 .debug_aranges
                0x000005b8       0x60 .\CortexM3\ARM_GCC_441\Debug\carlab_302.a(PWM_Servo.o)
 .debug_aranges
                0x00000618       0x70 .\CortexM3\ARM_GCC_441\Debug\carlab_302.a(Clock_Servo.o)
 .debug_aranges
                0x00000688       0x88 .\CortexM3\ARM_GCC_441\Debug\carlab_302.a(Timer_HE.o)
 .debug_aranges
                0x00000710       0x60 .\CortexM3\ARM_GCC_441\Debug\carlab_302.a(PWM_Motor.o)
 .debug_aranges
                0x00000770       0x70 .\CortexM3\ARM_GCC_441\Debug\carlab_302.a(Clock_Motor.o)
 .debug_aranges
                0x000007e0       0x70 .\CortexM3\ARM_GCC_441\Debug\carlab_302.a(Clock_Infrared.o)
 .debug_aranges
                0x00000850       0x80 .\CortexM3\ARM_GCC_441\Debug\carlab_302.a(inter_infrared_rising_1.o)
 .debug_aranges
                0x000008d0       0x98 .\CortexM3\ARM_GCC_441\Debug\carlab_302.a(Timer_Infrared_1.o)
 .debug_aranges
                0x00000968       0x80 .\CortexM3\ARM_GCC_441\Debug\carlab_302.a(inter_infrared_falling_1.o)
 .debug_aranges
                0x000009e8       0x80 .\CortexM3\ARM_GCC_441\Debug\carlab_302.a(inter_infrared_rising_2.o)
 .debug_aranges
                0x00000a68       0x98 .\CortexM3\ARM_GCC_441\Debug\carlab_302.a(Timer_Infrared_2.o)
 .debug_aranges
                0x00000b00       0x80 .\CortexM3\ARM_GCC_441\Debug\carlab_302.a(inter_infrared_falling_2.o)
 .debug_aranges
                0x00000b80       0x80 .\CortexM3\ARM_GCC_441\Debug\carlab_302.a(inter_infrared_rising_3.o)
 .debug_aranges
                0x00000c00       0x98 .\CortexM3\ARM_GCC_441\Debug\carlab_302.a(Timer_Infrared_3.o)
 .debug_aranges
                0x00000c98       0x80 .\CortexM3\ARM_GCC_441\Debug\carlab_302.a(inter_infrared_falling_3.o)
 .debug_aranges
                0x00000d18       0x80 .\CortexM3\ARM_GCC_441\Debug\carlab_302.a(inter_infrared_rising_0.o)
 .debug_aranges
                0x00000d98       0x98 .\CortexM3\ARM_GCC_441\Debug\carlab_302.a(Timer_Infrared_0.o)
 .debug_aranges
                0x00000e30       0x80 .\CortexM3\ARM_GCC_441\Debug\carlab_302.a(inter_infrared_falling_0.o)
 .debug_aranges
                0x00000eb0       0x28 .\CortexM3\ARM_GCC_441\Debug\carlab_302.a(Control_Reg.o)
 .debug_aranges
                0x00000ed8       0x48 .\CortexM3\ARM_GCC_441\Debug\carlab_302.a(cyfitter_cfg.o)
 .debug_aranges
                0x00000f20       0x20 .\CortexM3\ARM_GCC_441\Debug\carlab_302.a(CyBootAsmGnu.o)
 .debug_aranges
                0x00000f40       0x78 .\CortexM3\ARM_GCC_441\Debug\carlab_302.a(CyFlash.o)
 .debug_aranges
                0x00000fb8       0x90 .\CortexM3\ARM_GCC_441\Debug\carlab_302.a(CySpc.o)
 .debug_aranges
                0x00001048       0x20 .\CortexM3\ARM_GCC_441\Debug\carlab_302.a(cyutils.o)

.debug_pubnames
                0x00000000     0x33ec
 *(.debug_pubnames)
 .debug_pubnames
                0x00000000      0x33c .\CortexM3\ARM_GCC_441\Debug\main.o
 .debug_pubnames
                0x0000033c       0x57 .\CortexM3\ARM_GCC_441\Debug\Cm3Start.o
 .debug_pubnames
                0x00000393      0x14d .\CortexM3\ARM_GCC_441\Debug\carlab_302.a(LCD.o)
 .debug_pubnames
                0x000004e0      0x614 .\CortexM3\ARM_GCC_441\Debug\carlab_302.a(CyLib.o)
 .debug_pubnames
                0x00000af4       0xbb .\CortexM3\ARM_GCC_441\Debug\carlab_302.a(cyPm.o)
 .debug_pubnames
                0x00000baf      0x134 .\CortexM3\ARM_GCC_441\Debug\carlab_302.a(inter_HE.o)
 .debug_pubnames
                0x00000ce3      0x304 .\CortexM3\ARM_GCC_441\Debug\carlab_302.a(UART.o)
 .debug_pubnames
                0x00000fe7       0x21 .\CortexM3\ARM_GCC_441\Debug\carlab_302.a(UART_INT.o)
 .debug_pubnames
                0x00001008       0xf9 .\CortexM3\ARM_GCC_441\Debug\carlab_302.a(PWM_Servo.o)
 .debug_pubnames
                0x00001101      0x160 .\CortexM3\ARM_GCC_441\Debug\carlab_302.a(Clock_Servo.o)
 .debug_pubnames
                0x00001261      0x18d .\CortexM3\ARM_GCC_441\Debug\carlab_302.a(Timer_HE.o)
 .debug_pubnames
                0x000013ee       0xf9 .\CortexM3\ARM_GCC_441\Debug\carlab_302.a(PWM_Motor.o)
 .debug_pubnames
                0x000014e7      0x160 .\CortexM3\ARM_GCC_441\Debug\carlab_302.a(Clock_Motor.o)
 .debug_pubnames
                0x00001647      0x181 .\CortexM3\ARM_GCC_441\Debug\carlab_302.a(Clock_Infrared.o)
 .debug_pubnames
                0x000017c8      0x1f7 .\CortexM3\ARM_GCC_441\Debug\carlab_302.a(inter_infrared_rising_1.o)
 .debug_pubnames
                0x000019bf      0x24b .\CortexM3\ARM_GCC_441\Debug\carlab_302.a(Timer_Infrared_1.o)
 .debug_pubnames
                0x00001c0a      0x204 .\CortexM3\ARM_GCC_441\Debug\carlab_302.a(inter_infrared_falling_1.o)
 .debug_pubnames
                0x00001e0e      0x1f7 .\CortexM3\ARM_GCC_441\Debug\carlab_302.a(inter_infrared_rising_2.o)
 .debug_pubnames
                0x00002005      0x24b .\CortexM3\ARM_GCC_441\Debug\carlab_302.a(Timer_Infrared_2.o)
 .debug_pubnames
                0x00002250      0x204 .\CortexM3\ARM_GCC_441\Debug\carlab_302.a(inter_infrared_falling_2.o)
 .debug_pubnames
                0x00002454      0x1f7 .\CortexM3\ARM_GCC_441\Debug\carlab_302.a(inter_infrared_rising_3.o)
 .debug_pubnames
                0x0000264b      0x24b .\CortexM3\ARM_GCC_441\Debug\carlab_302.a(Timer_Infrared_3.o)
 .debug_pubnames
                0x00002896      0x204 .\CortexM3\ARM_GCC_441\Debug\carlab_302.a(inter_infrared_falling_3.o)
 .debug_pubnames
                0x00002a9a      0x1f7 .\CortexM3\ARM_GCC_441\Debug\carlab_302.a(inter_infrared_rising_0.o)
 .debug_pubnames
                0x00002c91      0x24b .\CortexM3\ARM_GCC_441\Debug\carlab_302.a(Timer_Infrared_0.o)
 .debug_pubnames
                0x00002edc      0x204 .\CortexM3\ARM_GCC_441\Debug\carlab_302.a(inter_infrared_falling_0.o)
 .debug_pubnames
                0x000030e0       0x3d .\CortexM3\ARM_GCC_441\Debug\carlab_302.a(Control_Reg.o)
 .debug_pubnames
                0x0000311d       0x52 .\CortexM3\ARM_GCC_441\Debug\carlab_302.a(cyfitter_cfg.o)
 .debug_pubnames
                0x0000316f      0x115 .\CortexM3\ARM_GCC_441\Debug\carlab_302.a(CyFlash.o)
 .debug_pubnames
                0x00003284      0x147 .\CortexM3\ARM_GCC_441\Debug\carlab_302.a(CySpc.o)
 .debug_pubnames
                0x000033cb       0x21 .\CortexM3\ARM_GCC_441\Debug\carlab_302.a(cyutils.o)

.debug_info     0x00000000     0x5c76
 *(.debug_info .gnu.linkonce.wi.*)
 .debug_info    0x00000000      0x5aa .\CortexM3\ARM_GCC_441\Debug\main.o
 .debug_info    0x000005aa      0x127 .\CortexM3\ARM_GCC_441\Debug\Cm3Start.o
 .debug_info    0x000006d1      0x39e .\CortexM3\ARM_GCC_441\Debug\carlab_302.a(LCD.o)
 .debug_info    0x00000a6f      0xd2a .\CortexM3\ARM_GCC_441\Debug\carlab_302.a(CyLib.o)
 .debug_info    0x00001799      0x580 .\CortexM3\ARM_GCC_441\Debug\carlab_302.a(cyPm.o)
 .debug_info    0x00001d19      0x22e .\CortexM3\ARM_GCC_441\Debug\carlab_302.a(inter_HE.o)
 .debug_info    0x00001f47      0x5bb .\CortexM3\ARM_GCC_441\Debug\carlab_302.a(UART.o)
 .debug_info    0x00002502      0x111 .\CortexM3\ARM_GCC_441\Debug\carlab_302.a(UART_INT.o)
 .debug_info    0x00002613      0x1c5 .\CortexM3\ARM_GCC_441\Debug\carlab_302.a(PWM_Servo.o)
 .debug_info    0x000027d8      0x25b .\CortexM3\ARM_GCC_441\Debug\carlab_302.a(Clock_Servo.o)
 .debug_info    0x00002a33      0x245 .\CortexM3\ARM_GCC_441\Debug\carlab_302.a(Timer_HE.o)
 .debug_info    0x00002c78      0x1ba .\CortexM3\ARM_GCC_441\Debug\carlab_302.a(PWM_Motor.o)
 .debug_info    0x00002e32      0x25b .\CortexM3\ARM_GCC_441\Debug\carlab_302.a(Clock_Motor.o)
 .debug_info    0x0000308d      0x25b .\CortexM3\ARM_GCC_441\Debug\carlab_302.a(Clock_Infrared.o)
 .debug_info    0x000032e8      0x22e .\CortexM3\ARM_GCC_441\Debug\carlab_302.a(inter_infrared_rising_1.o)
 .debug_info    0x00003516      0x289 .\CortexM3\ARM_GCC_441\Debug\carlab_302.a(Timer_Infrared_1.o)
 .debug_info    0x0000379f      0x22e .\CortexM3\ARM_GCC_441\Debug\carlab_302.a(inter_infrared_falling_1.o)
 .debug_info    0x000039cd      0x22e .\CortexM3\ARM_GCC_441\Debug\carlab_302.a(inter_infrared_rising_2.o)
 .debug_info    0x00003bfb      0x289 .\CortexM3\ARM_GCC_441\Debug\carlab_302.a(Timer_Infrared_2.o)
 .debug_info    0x00003e84      0x22e .\CortexM3\ARM_GCC_441\Debug\carlab_302.a(inter_infrared_falling_2.o)
 .debug_info    0x000040b2      0x22e .\CortexM3\ARM_GCC_441\Debug\carlab_302.a(inter_infrared_rising_3.o)
 .debug_info    0x000042e0      0x289 .\CortexM3\ARM_GCC_441\Debug\carlab_302.a(Timer_Infrared_3.o)
 .debug_info    0x00004569      0x22e .\CortexM3\ARM_GCC_441\Debug\carlab_302.a(inter_infrared_falling_3.o)
 .debug_info    0x00004797      0x22e .\CortexM3\ARM_GCC_441\Debug\carlab_302.a(inter_infrared_rising_0.o)
 .debug_info    0x000049c5      0x289 .\CortexM3\ARM_GCC_441\Debug\carlab_302.a(Timer_Infrared_0.o)
 .debug_info    0x00004c4e      0x22e .\CortexM3\ARM_GCC_441\Debug\carlab_302.a(inter_infrared_falling_0.o)
 .debug_info    0x00004e7c       0xc3 .\CortexM3\ARM_GCC_441\Debug\carlab_302.a(Control_Reg.o)
 .debug_info    0x00004f3f      0x360 .\CortexM3\ARM_GCC_441\Debug\carlab_302.a(cyfitter_cfg.o)
 .debug_info    0x0000529f       0x8e .\CortexM3\ARM_GCC_441\Debug\carlab_302.a(CyBootAsmGnu.o)
 .debug_info    0x0000532d      0x310 .\CortexM3\ARM_GCC_441\Debug\carlab_302.a(CyFlash.o)
 .debug_info    0x0000563d      0x56b .\CortexM3\ARM_GCC_441\Debug\carlab_302.a(CySpc.o)
 .debug_info    0x00005ba8       0xce .\CortexM3\ARM_GCC_441\Debug\carlab_302.a(cyutils.o)

.debug_abbrev   0x00000000     0x1d09
 *(.debug_abbrev)
 .debug_abbrev  0x00000000      0x123 .\CortexM3\ARM_GCC_441\Debug\main.o
 .debug_abbrev  0x00000123       0xe3 .\CortexM3\ARM_GCC_441\Debug\Cm3Start.o
 .debug_abbrev  0x00000206      0x103 .\CortexM3\ARM_GCC_441\Debug\carlab_302.a(LCD.o)
 .debug_abbrev  0x00000309      0x172 .\CortexM3\ARM_GCC_441\Debug\carlab_302.a(CyLib.o)
 .debug_abbrev  0x0000047b      0x146 .\CortexM3\ARM_GCC_441\Debug\carlab_302.a(cyPm.o)
 .debug_abbrev  0x000005c1       0xee .\CortexM3\ARM_GCC_441\Debug\carlab_302.a(inter_HE.o)
 .debug_abbrev  0x000006af      0x133 .\CortexM3\ARM_GCC_441\Debug\carlab_302.a(UART.o)
 .debug_abbrev  0x000007e2       0x8e .\CortexM3\ARM_GCC_441\Debug\carlab_302.a(UART_INT.o)
 .debug_abbrev  0x00000870       0xe0 .\CortexM3\ARM_GCC_441\Debug\carlab_302.a(PWM_Servo.o)
 .debug_abbrev  0x00000950       0xd8 .\CortexM3\ARM_GCC_441\Debug\carlab_302.a(Clock_Servo.o)
 .debug_abbrev  0x00000a28       0xc9 .\CortexM3\ARM_GCC_441\Debug\carlab_302.a(Timer_HE.o)
 .debug_abbrev  0x00000af1       0xe0 .\CortexM3\ARM_GCC_441\Debug\carlab_302.a(PWM_Motor.o)
 .debug_abbrev  0x00000bd1       0xd8 .\CortexM3\ARM_GCC_441\Debug\carlab_302.a(Clock_Motor.o)
 .debug_abbrev  0x00000ca9       0xd8 .\CortexM3\ARM_GCC_441\Debug\carlab_302.a(Clock_Infrared.o)
 .debug_abbrev  0x00000d81       0xee .\CortexM3\ARM_GCC_441\Debug\carlab_302.a(inter_infrared_rising_1.o)
 .debug_abbrev  0x00000e6f       0xe0 .\CortexM3\ARM_GCC_441\Debug\carlab_302.a(Timer_Infrared_1.o)
 .debug_abbrev  0x00000f4f       0xee .\CortexM3\ARM_GCC_441\Debug\carlab_302.a(inter_infrared_falling_1.o)
 .debug_abbrev  0x0000103d       0xee .\CortexM3\ARM_GCC_441\Debug\carlab_302.a(inter_infrared_rising_2.o)
 .debug_abbrev  0x0000112b       0xe0 .\CortexM3\ARM_GCC_441\Debug\carlab_302.a(Timer_Infrared_2.o)
 .debug_abbrev  0x0000120b       0xee .\CortexM3\ARM_GCC_441\Debug\carlab_302.a(inter_infrared_falling_2.o)
 .debug_abbrev  0x000012f9       0xee .\CortexM3\ARM_GCC_441\Debug\carlab_302.a(inter_infrared_rising_3.o)
 .debug_abbrev  0x000013e7       0xe0 .\CortexM3\ARM_GCC_441\Debug\carlab_302.a(Timer_Infrared_3.o)
 .debug_abbrev  0x000014c7       0xee .\CortexM3\ARM_GCC_441\Debug\carlab_302.a(inter_infrared_falling_3.o)
 .debug_abbrev  0x000015b5       0xee .\CortexM3\ARM_GCC_441\Debug\carlab_302.a(inter_infrared_rising_0.o)
 .debug_abbrev  0x000016a3       0xe0 .\CortexM3\ARM_GCC_441\Debug\carlab_302.a(Timer_Infrared_0.o)
 .debug_abbrev  0x00001783       0xee .\CortexM3\ARM_GCC_441\Debug\carlab_302.a(inter_infrared_falling_0.o)
 .debug_abbrev  0x00001871       0x76 .\CortexM3\ARM_GCC_441\Debug\carlab_302.a(Control_Reg.o)
 .debug_abbrev  0x000018e7      0x13c .\CortexM3\ARM_GCC_441\Debug\carlab_302.a(cyfitter_cfg.o)
 .debug_abbrev  0x00001a23       0x14 .\CortexM3\ARM_GCC_441\Debug\carlab_302.a(CyBootAsmGnu.o)
 .debug_abbrev  0x00001a37      0x12a .\CortexM3\ARM_GCC_441\Debug\carlab_302.a(CyFlash.o)
 .debug_abbrev  0x00001b61      0x139 .\CortexM3\ARM_GCC_441\Debug\carlab_302.a(CySpc.o)
 .debug_abbrev  0x00001c9a       0x6f .\CortexM3\ARM_GCC_441\Debug\carlab_302.a(cyutils.o)

.debug_line     0x00000000     0x3372
 *(.debug_line)
 .debug_line    0x00000000      0x1c2 .\CortexM3\ARM_GCC_441\Debug\main.o
 .debug_line    0x000001c2       0xcd .\CortexM3\ARM_GCC_441\Debug\Cm3Start.o
 .debug_line    0x0000028f      0x1d8 .\CortexM3\ARM_GCC_441\Debug\carlab_302.a(LCD.o)
 .debug_line    0x00000467      0x691 .\CortexM3\ARM_GCC_441\Debug\carlab_302.a(CyLib.o)
 .debug_line    0x00000af8      0x2e8 .\CortexM3\ARM_GCC_441\Debug\carlab_302.a(cyPm.o)
 .debug_line    0x00000de0      0x15c .\CortexM3\ARM_GCC_441\Debug\carlab_302.a(inter_HE.o)
 .debug_line    0x00000f3c      0x311 .\CortexM3\ARM_GCC_441\Debug\carlab_302.a(UART.o)
 .debug_line    0x0000124d       0x98 .\CortexM3\ARM_GCC_441\Debug\carlab_302.a(UART_INT.o)
 .debug_line    0x000012e5      0x128 .\CortexM3\ARM_GCC_441\Debug\carlab_302.a(PWM_Servo.o)
 .debug_line    0x0000140d      0x179 .\CortexM3\ARM_GCC_441\Debug\carlab_302.a(Clock_Servo.o)
 .debug_line    0x00001586      0x17d .\CortexM3\ARM_GCC_441\Debug\carlab_302.a(Timer_HE.o)
 .debug_line    0x00001703      0x125 .\CortexM3\ARM_GCC_441\Debug\carlab_302.a(PWM_Motor.o)
 .debug_line    0x00001828      0x179 .\CortexM3\ARM_GCC_441\Debug\carlab_302.a(Clock_Motor.o)
 .debug_line    0x000019a1      0x17c .\CortexM3\ARM_GCC_441\Debug\carlab_302.a(Clock_Infrared.o)
 .debug_line    0x00001b1d      0x16b .\CortexM3\ARM_GCC_441\Debug\carlab_302.a(inter_infrared_rising_1.o)
 .debug_line    0x00001c88      0x1aa .\CortexM3\ARM_GCC_441\Debug\carlab_302.a(Timer_Infrared_1.o)
 .debug_line    0x00001e32      0x16c .\CortexM3\ARM_GCC_441\Debug\carlab_302.a(inter_infrared_falling_1.o)
 .debug_line    0x00001f9e      0x16b .\CortexM3\ARM_GCC_441\Debug\carlab_302.a(inter_infrared_rising_2.o)
 .debug_line    0x00002109      0x1aa .\CortexM3\ARM_GCC_441\Debug\carlab_302.a(Timer_Infrared_2.o)
 .debug_line    0x000022b3      0x16c .\CortexM3\ARM_GCC_441\Debug\carlab_302.a(inter_infrared_falling_2.o)
 .debug_line    0x0000241f      0x16b .\CortexM3\ARM_GCC_441\Debug\carlab_302.a(inter_infrared_rising_3.o)
 .debug_line    0x0000258a      0x1aa .\CortexM3\ARM_GCC_441\Debug\carlab_302.a(Timer_Infrared_3.o)
 .debug_line    0x00002734      0x16c .\CortexM3\ARM_GCC_441\Debug\carlab_302.a(inter_infrared_falling_3.o)
 .debug_line    0x000028a0      0x16b .\CortexM3\ARM_GCC_441\Debug\carlab_302.a(inter_infrared_rising_0.o)
 .debug_line    0x00002a0b      0x1aa .\CortexM3\ARM_GCC_441\Debug\carlab_302.a(Timer_Infrared_0.o)
 .debug_line    0x00002bb5      0x16c .\CortexM3\ARM_GCC_441\Debug\carlab_302.a(inter_infrared_falling_0.o)
 .debug_line    0x00002d21       0x90 .\CortexM3\ARM_GCC_441\Debug\carlab_302.a(Control_Reg.o)
 .debug_line    0x00002db1      0x125 .\CortexM3\ARM_GCC_441\Debug\carlab_302.a(cyfitter_cfg.o)
 .debug_line    0x00002ed6       0x67 .\CortexM3\ARM_GCC_441\Debug\carlab_302.a(CyBootAsmGnu.o)
 .debug_line    0x00002f3d      0x18f .\CortexM3\ARM_GCC_441\Debug\carlab_302.a(CyFlash.o)
 .debug_line    0x000030cc      0x225 .\CortexM3\ARM_GCC_441\Debug\carlab_302.a(CySpc.o)
 .debug_line    0x000032f1       0x81 .\CortexM3\ARM_GCC_441\Debug\carlab_302.a(cyutils.o)

.debug_frame    0x00000000     0x3afc
 *(.debug_frame)
 .debug_frame   0x00000000      0x19c .\CortexM3\ARM_GCC_441\Debug\main.o
 .debug_frame   0x0000019c       0x5c .\CortexM3\ARM_GCC_441\Debug\Cm3Start.o
 .debug_frame   0x000001f8      0x1e0 .\CortexM3\ARM_GCC_441\Debug\carlab_302.a(LCD.o)
 .debug_frame   0x000003d8      0x7f0 .\CortexM3\ARM_GCC_441\Debug\carlab_302.a(CyLib.o)
 .debug_frame   0x00000bc8      0x208 .\CortexM3\ARM_GCC_441\Debug\carlab_302.a(cyPm.o)
 .debug_frame   0x00000dd0      0x180 .\CortexM3\ARM_GCC_441\Debug\carlab_302.a(inter_HE.o)
 .debug_frame   0x00000f50      0x370 .\CortexM3\ARM_GCC_441\Debug\carlab_302.a(UART.o)
 .debug_frame   0x000012c0       0x2c .\CortexM3\ARM_GCC_441\Debug\carlab_302.a(UART_INT.o)
 .debug_frame   0x000012ec      0x110 .\CortexM3\ARM_GCC_441\Debug\carlab_302.a(PWM_Servo.o)
 .debug_frame   0x000013fc      0x14c .\CortexM3\ARM_GCC_441\Debug\carlab_302.a(Clock_Servo.o)
 .debug_frame   0x00001548      0x198 .\CortexM3\ARM_GCC_441\Debug\carlab_302.a(Timer_HE.o)
 .debug_frame   0x000016e0      0x110 .\CortexM3\ARM_GCC_441\Debug\carlab_302.a(PWM_Motor.o)
 .debug_frame   0x000017f0      0x14c .\CortexM3\ARM_GCC_441\Debug\carlab_302.a(Clock_Motor.o)
 .debug_frame   0x0000193c      0x14c .\CortexM3\ARM_GCC_441\Debug\carlab_302.a(Clock_Infrared.o)
 .debug_frame   0x00001a88      0x180 .\CortexM3\ARM_GCC_441\Debug\carlab_302.a(inter_infrared_rising_1.o)
 .debug_frame   0x00001c08      0x1dc .\CortexM3\ARM_GCC_441\Debug\carlab_302.a(Timer_Infrared_1.o)
 .debug_frame   0x00001de4      0x180 .\CortexM3\ARM_GCC_441\Debug\carlab_302.a(inter_infrared_falling_1.o)
 .debug_frame   0x00001f64      0x180 .\CortexM3\ARM_GCC_441\Debug\carlab_302.a(inter_infrared_rising_2.o)
 .debug_frame   0x000020e4      0x1dc .\CortexM3\ARM_GCC_441\Debug\carlab_302.a(Timer_Infrared_2.o)
 .debug_frame   0x000022c0      0x180 .\CortexM3\ARM_GCC_441\Debug\carlab_302.a(inter_infrared_falling_2.o)
 .debug_frame   0x00002440      0x180 .\CortexM3\ARM_GCC_441\Debug\carlab_302.a(inter_infrared_rising_3.o)
 .debug_frame   0x000025c0      0x1dc .\CortexM3\ARM_GCC_441\Debug\carlab_302.a(Timer_Infrared_3.o)
 .debug_frame   0x0000279c      0x180 .\CortexM3\ARM_GCC_441\Debug\carlab_302.a(inter_infrared_falling_3.o)
 .debug_frame   0x0000291c      0x180 .\CortexM3\ARM_GCC_441\Debug\carlab_302.a(inter_infrared_rising_0.o)
 .debug_frame   0x00002a9c      0x1dc .\CortexM3\ARM_GCC_441\Debug\carlab_302.a(Timer_Infrared_0.o)
 .debug_frame   0x00002c78      0x180 .\CortexM3\ARM_GCC_441\Debug\carlab_302.a(inter_infrared_falling_0.o)
 .debug_frame   0x00002df8       0x48 .\CortexM3\ARM_GCC_441\Debug\carlab_302.a(Control_Reg.o)
 .debug_frame   0x00002e40       0xc0 .\CortexM3\ARM_GCC_441\Debug\carlab_302.a(cyfitter_cfg.o)
 .debug_frame   0x00002f00      0x174 .\CortexM3\ARM_GCC_441\Debug\carlab_302.a(CyFlash.o)
 .debug_frame   0x00003074      0x1c8 .\CortexM3\ARM_GCC_441\Debug\carlab_302.a(CySpc.o)
 .debug_frame   0x0000323c       0x2c .\CortexM3\ARM_GCC_441\Debug\carlab_302.a(cyutils.o)
 .debug_frame   0x00003268       0x34 c:/program files (x86)/cypress/psoc creator/2.1/psoc creator/import/gnu_cs/arm/4.4.1/bin/../lib/gcc/arm-none-eabi/4.4.1/../../../../arm-none-eabi/lib/thumb2\libc.a(lib_a-memcpy.o)
 .debug_frame   0x0000329c       0x28 c:/program files (x86)/cypress/psoc creator/2.1/psoc creator/import/gnu_cs/arm/4.4.1/bin/../lib/gcc/arm-none-eabi/4.4.1/../../../../arm-none-eabi/lib/thumb2\libc.a(lib_a-memset.o)
 .debug_frame   0x000032c4       0x5c c:/program files (x86)/cypress/psoc creator/2.1/psoc creator/import/gnu_cs/arm/4.4.1/bin/../lib/gcc/arm-none-eabi/4.4.1/../../../../arm-none-eabi/lib/thumb2\libc.a(lib_a-sprintf.o)
 .debug_frame   0x00003320       0x68 c:/program files (x86)/cypress/psoc creator/2.1/psoc creator/import/gnu_cs/arm/4.4.1/bin/../lib/gcc/arm-none-eabi/4.4.1/../../../../arm-none-eabi/lib/thumb2\libc.a(lib_a-svfprintf.o)
 .debug_frame   0x00003388       0x64 c:/program files (x86)/cypress/psoc creator/2.1/psoc creator/import/gnu_cs/arm/4.4.1/bin/../lib/gcc/arm-none-eabi/4.4.1/../../../../arm-none-eabi/lib/thumb2\libc.a(lib_a-dtoa.o)
 .debug_frame   0x000033ec       0x50 c:/program files (x86)/cypress/psoc creator/2.1/psoc creator/import/gnu_cs/arm/4.4.1/bin/../lib/gcc/arm-none-eabi/4.4.1/../../../../arm-none-eabi/lib/thumb2\libc.a(lib_a-freer.o)
 .debug_frame   0x0000343c       0x6c c:/program files (x86)/cypress/psoc creator/2.1/psoc creator/import/gnu_cs/arm/4.4.1/bin/../lib/gcc/arm-none-eabi/4.4.1/../../../../arm-none-eabi/lib/thumb2\libc.a(lib_a-locale.o)
 .debug_frame   0x000034a8       0x30 c:/program files (x86)/cypress/psoc creator/2.1/psoc creator/import/gnu_cs/arm/4.4.1/bin/../lib/gcc/arm-none-eabi/4.4.1/../../../../arm-none-eabi/lib/thumb2\libc.a(lib_a-malloc.o)
 .debug_frame   0x000034d8       0x3c c:/program files (x86)/cypress/psoc creator/2.1/psoc creator/import/gnu_cs/arm/4.4.1/bin/../lib/gcc/arm-none-eabi/4.4.1/../../../../arm-none-eabi/lib/thumb2\libc.a(lib_a-mallocr.o)
 .debug_frame   0x00003514       0x28 c:/program files (x86)/cypress/psoc creator/2.1/psoc creator/import/gnu_cs/arm/4.4.1/bin/../lib/gcc/arm-none-eabi/4.4.1/../../../../arm-none-eabi/lib/thumb2\libc.a(lib_a-memchr.o)
 .debug_frame   0x0000353c       0x2c c:/program files (x86)/cypress/psoc creator/2.1/psoc creator/import/gnu_cs/arm/4.4.1/bin/../lib/gcc/arm-none-eabi/4.4.1/../../../../arm-none-eabi/lib/thumb2\libc.a(lib_a-memmove.o)
 .debug_frame   0x00003568       0x30 c:/program files (x86)/cypress/psoc creator/2.1/psoc creator/import/gnu_cs/arm/4.4.1/bin/../lib/gcc/arm-none-eabi/4.4.1/../../../../arm-none-eabi/lib/thumb2\libc.a(lib_a-mlock.o)
 .debug_frame   0x00003598      0x240 c:/program files (x86)/cypress/psoc creator/2.1/psoc creator/import/gnu_cs/arm/4.4.1/bin/../lib/gcc/arm-none-eabi/4.4.1/../../../../arm-none-eabi/lib/thumb2\libc.a(lib_a-mprec.o)
 .debug_frame   0x000037d8       0x3c c:/program files (x86)/cypress/psoc creator/2.1/psoc creator/import/gnu_cs/arm/4.4.1/bin/../lib/gcc/arm-none-eabi/4.4.1/../../../../arm-none-eabi/lib/thumb2\libc.a(lib_a-reallocr.o)
 .debug_frame   0x00003814       0x20 c:/program files (x86)/cypress/psoc creator/2.1/psoc creator/import/gnu_cs/arm/4.4.1/bin/../lib/gcc/arm-none-eabi/4.4.1/../../../../arm-none-eabi/lib/thumb2\libc.a(lib_a-s_isinfd.o)
 .debug_frame   0x00003834       0x20 c:/program files (x86)/cypress/psoc creator/2.1/psoc creator/import/gnu_cs/arm/4.4.1/bin/../lib/gcc/arm-none-eabi/4.4.1/../../../../arm-none-eabi/lib/thumb2\libc.a(lib_a-s_isnand.o)
 .debug_frame   0x00003854       0x2c c:/program files (x86)/cypress/psoc creator/2.1/psoc creator/import/gnu_cs/arm/4.4.1/bin/../lib/gcc/arm-none-eabi/4.4.1/../../../../arm-none-eabi/lib/thumb2\libc.a(lib_a-sbrkr.o)
 .debug_frame   0x00003880       0x30 c:/program files (x86)/cypress/psoc creator/2.1/psoc creator/import/gnu_cs/arm/4.4.1/bin/../lib/gcc/arm-none-eabi/4.4.1/../../../../arm-none-eabi/lib/thumb2\libc.a(lib_a-strcmp.o)
 .debug_frame   0x000038b0       0x20 c:/program files (x86)/cypress/psoc creator/2.1/psoc creator/import/gnu_cs/arm/4.4.1/bin/../lib/gcc/arm-none-eabi/4.4.1/../../../../arm-none-eabi/lib/thumb2\libc.a(lib_a-strlen.o)
 .debug_frame   0x000038d0       0x2c c:/program files (x86)/cypress/psoc creator/2.1/psoc creator/import/gnu_cs/arm/4.4.1/bin/../lib/gcc/arm-none-eabi/4.4.1/../../../../arm-none-eabi/lib/thumb2\libc.a(lib_a-callocr.o)
 .debug_frame   0x000038fc       0x64 c:/program files (x86)/cypress/psoc creator/2.1/psoc creator/import/gnu_cs/arm/4.4.1/bin/../lib/gcc/arm-none-eabi/4.4.1/../../../../arm-none-eabi/lib/thumb2\libc.a(lib_a-reent.o)
 .debug_frame   0x00003960       0x20 c:/program files (x86)/cypress/psoc creator/2.1/psoc creator/import/gnu_cs/arm/4.4.1/bin/../lib/gcc/arm-none-eabi/4.4.1/thumb2\libgcc.a(_udivsi3.o)
 .debug_frame   0x00003980       0x50 c:/program files (x86)/cypress/psoc creator/2.1/psoc creator/import/gnu_cs/arm/4.4.1/bin/../lib/gcc/arm-none-eabi/4.4.1/thumb2\libgcc.a(bpabi.o)
 .debug_frame   0x000039d0       0x3c c:/program files (x86)/cypress/psoc creator/2.1/psoc creator/import/gnu_cs/arm/4.4.1/bin/../lib/gcc/arm-none-eabi/4.4.1/thumb2\libgcc.a(_divdi3.o)
 .debug_frame   0x00003a0c       0x3c c:/program files (x86)/cypress/psoc creator/2.1/psoc creator/import/gnu_cs/arm/4.4.1/bin/../lib/gcc/arm-none-eabi/4.4.1/thumb2\libgcc.a(_udivdi3.o)
 .debug_frame   0x00003a48       0x40 c:/program files (x86)/cypress/psoc creator/2.1/psoc creator/import/gnu_cs/arm/4.4.1/bin/../lib/gcc/arm-none-eabi/4.4.1/../../../../arm-none-eabi/lib/thumb2\libcs3.a(start_c.o)
 .debug_frame   0x00003a88       0x28 c:/program files (x86)/cypress/psoc creator/2.1/psoc creator/import/gnu_cs/arm/4.4.1/bin/../lib/gcc/arm-none-eabi/4.4.1/../../../../arm-none-eabi/lib/thumb2\libcs3unhosted.a(unhosted-sbrk.o)
 .debug_frame   0x00003ab0       0x20 c:/program files (x86)/cypress/psoc creator/2.1/psoc creator/import/gnu_cs/arm/4.4.1/bin/../lib/gcc/arm-none-eabi/4.4.1/../../../../arm-none-eabi/lib/thumb2\libc.a(lib_a-errno.o)