ARM GAS  C:\Users\dwguo\AppData\Local\Temp\ccVV25hH.s 			page 1


   1              		.syntax unified
   2              		.cpu cortex-m3
   3              		.fpu softvfp
   4              		.eabi_attribute 20, 1
   5              		.eabi_attribute 21, 1
   6              		.eabi_attribute 23, 3
   7              		.eabi_attribute 24, 1
   8              		.eabi_attribute 25, 1
   9              		.eabi_attribute 26, 1
  10              		.eabi_attribute 30, 6
  11              		.eabi_attribute 18, 4
  12              		.thumb
  13              		.file	"UART_INT.c"
  14              		.section	.debug_abbrev,"",%progbits
  15              	.Ldebug_abbrev0:
  16              		.section	.debug_info,"",%progbits
  17              	.Ldebug_info0:
  18              		.section	.debug_line,"",%progbits
  19              	.Ldebug_line0:
  20 0000 94000000 		.text
  20      02006100 
  20      00000201 
  20      FB0E0D00 
  20      01010101 
  21              	.Ltext0:
  22              		.cfi_sections	.debug_frame
  23              		.section	.text.UART_RXISR,"ax",%progbits
  24              		.align	2
  25              		.global	UART_RXISR
  26              		.thumb
  27              		.thumb_func
  28              		.type	UART_RXISR, %function
  29              	UART_RXISR:
  30              	.LFB0:
  31              		.file 1 ".\\Generated_Source\\PSoC5\\UART_INT.c"
   1:.\Generated_Source\PSoC5/UART_INT.c **** /*******************************************************************************
   2:.\Generated_Source\PSoC5/UART_INT.c **** * File Name: UART_INT.c
   3:.\Generated_Source\PSoC5/UART_INT.c **** * Version 2.20
   4:.\Generated_Source\PSoC5/UART_INT.c **** *
   5:.\Generated_Source\PSoC5/UART_INT.c **** * Description:
   6:.\Generated_Source\PSoC5/UART_INT.c **** *  This file provides all Interrupt Service functionality of the UART component
   7:.\Generated_Source\PSoC5/UART_INT.c **** *
   8:.\Generated_Source\PSoC5/UART_INT.c **** * Note:
   9:.\Generated_Source\PSoC5/UART_INT.c **** *  Any unusual or non-standard behavior should be noted here. Other-
  10:.\Generated_Source\PSoC5/UART_INT.c **** *  wise, this section should remain blank.
  11:.\Generated_Source\PSoC5/UART_INT.c **** *
  12:.\Generated_Source\PSoC5/UART_INT.c **** ********************************************************************************
  13:.\Generated_Source\PSoC5/UART_INT.c **** * Copyright 2008-2012, Cypress Semiconductor Corporation.  All rights reserved.
  14:.\Generated_Source\PSoC5/UART_INT.c **** * You may use this file only in accordance with the license, terms, conditions, 
  15:.\Generated_Source\PSoC5/UART_INT.c **** * disclaimers, and limitations in the end user license agreement accompanying 
  16:.\Generated_Source\PSoC5/UART_INT.c **** * the software package with which this file was provided.
  17:.\Generated_Source\PSoC5/UART_INT.c **** *******************************************************************************/
  18:.\Generated_Source\PSoC5/UART_INT.c **** 
  19:.\Generated_Source\PSoC5/UART_INT.c **** #include "UART.h"
  20:.\Generated_Source\PSoC5/UART_INT.c **** #include "CyLib.h"
  21:.\Generated_Source\PSoC5/UART_INT.c **** 
  22:.\Generated_Source\PSoC5/UART_INT.c **** 
ARM GAS  C:\Users\dwguo\AppData\Local\Temp\ccVV25hH.s 			page 2


  23:.\Generated_Source\PSoC5/UART_INT.c **** /***************************************
  24:.\Generated_Source\PSoC5/UART_INT.c **** * Custom Declratations
  25:.\Generated_Source\PSoC5/UART_INT.c **** ***************************************/
  26:.\Generated_Source\PSoC5/UART_INT.c **** /* `#START CUSTOM_DECLARATIONS` Place your declaration here */
  27:.\Generated_Source\PSoC5/UART_INT.c **** 
  28:.\Generated_Source\PSoC5/UART_INT.c **** /* `#END` */
  29:.\Generated_Source\PSoC5/UART_INT.c **** 
  30:.\Generated_Source\PSoC5/UART_INT.c **** #if( (UART_RX_ENABLED || UART_HD_ENABLED) && \
  31:.\Generated_Source\PSoC5/UART_INT.c ****      (UART_RXBUFFERSIZE > UART_FIFO_LENGTH))
  32:.\Generated_Source\PSoC5/UART_INT.c **** 
  33:.\Generated_Source\PSoC5/UART_INT.c ****     extern volatile uint8 UART_rxBuffer[];
  34:.\Generated_Source\PSoC5/UART_INT.c ****     extern volatile uint8 UART_rxBufferRead;
  35:.\Generated_Source\PSoC5/UART_INT.c ****     extern volatile uint8 UART_rxBufferWrite;
  36:.\Generated_Source\PSoC5/UART_INT.c ****     extern volatile uint8 UART_rxBufferLoopDetect;
  37:.\Generated_Source\PSoC5/UART_INT.c ****     extern volatile uint8 UART_rxBufferOverflow;
  38:.\Generated_Source\PSoC5/UART_INT.c ****     #if (UART_RXHW_ADDRESS_ENABLED)
  39:.\Generated_Source\PSoC5/UART_INT.c ****         extern volatile uint8 UART_rxAddressMode;
  40:.\Generated_Source\PSoC5/UART_INT.c ****         extern volatile uint8 UART_rxAddressDetected;
  41:.\Generated_Source\PSoC5/UART_INT.c ****     #endif /* End EnableHWAddress */    
  42:.\Generated_Source\PSoC5/UART_INT.c **** 
  43:.\Generated_Source\PSoC5/UART_INT.c ****     /*******************************************************************************
  44:.\Generated_Source\PSoC5/UART_INT.c ****     * Function Name: UART_RXISR
  45:.\Generated_Source\PSoC5/UART_INT.c ****     ********************************************************************************
  46:.\Generated_Source\PSoC5/UART_INT.c ****     *
  47:.\Generated_Source\PSoC5/UART_INT.c ****     * Summary:
  48:.\Generated_Source\PSoC5/UART_INT.c ****     *  Interrupt Service Routine for RX portion of the UART
  49:.\Generated_Source\PSoC5/UART_INT.c ****     *
  50:.\Generated_Source\PSoC5/UART_INT.c ****     * Parameters:
  51:.\Generated_Source\PSoC5/UART_INT.c ****     *  None.
  52:.\Generated_Source\PSoC5/UART_INT.c ****     *
  53:.\Generated_Source\PSoC5/UART_INT.c ****     * Return:
  54:.\Generated_Source\PSoC5/UART_INT.c ****     *  None.
  55:.\Generated_Source\PSoC5/UART_INT.c ****     *
  56:.\Generated_Source\PSoC5/UART_INT.c ****     * Global Variables:
  57:.\Generated_Source\PSoC5/UART_INT.c ****     *  UART_rxBuffer - RAM buffer pointer for save received data.
  58:.\Generated_Source\PSoC5/UART_INT.c ****     *  UART_rxBufferWrite - cyclic index for write to rxBuffer, 
  59:.\Generated_Source\PSoC5/UART_INT.c ****     *     increments after each byte saved to buffer.
  60:.\Generated_Source\PSoC5/UART_INT.c ****     *  UART_rxBufferRead - cyclic index for read from rxBuffer, 
  61:.\Generated_Source\PSoC5/UART_INT.c ****     *     checked to detect overflow condition.
  62:.\Generated_Source\PSoC5/UART_INT.c ****     *  UART_rxBufferOverflow - software overflow flag. Set to one
  63:.\Generated_Source\PSoC5/UART_INT.c ****     *     when UART_rxBufferWrite index overtakes 
  64:.\Generated_Source\PSoC5/UART_INT.c ****     *     UART_rxBufferRead index.
  65:.\Generated_Source\PSoC5/UART_INT.c ****     *  UART_rxBufferLoopDetect - additional variable to detect overflow.
  66:.\Generated_Source\PSoC5/UART_INT.c ****     *     Set to one when UART_rxBufferWrite is equal to 
  67:.\Generated_Source\PSoC5/UART_INT.c ****     *    UART_rxBufferRead
  68:.\Generated_Source\PSoC5/UART_INT.c ****     *  UART_rxAddressMode - this variable contains the Address mode, 
  69:.\Generated_Source\PSoC5/UART_INT.c ****     *     selected in customizer or set by UART_SetRxAddressMode() API.
  70:.\Generated_Source\PSoC5/UART_INT.c ****     *  UART_rxAddressDetected - set to 1 when correct address received,
  71:.\Generated_Source\PSoC5/UART_INT.c ****     *     and analysed to store following addressed data bytes to the buffer.
  72:.\Generated_Source\PSoC5/UART_INT.c ****     *     When not correct address received, set to 0 to skip following data bytes.
  73:.\Generated_Source\PSoC5/UART_INT.c ****     *
  74:.\Generated_Source\PSoC5/UART_INT.c ****     *******************************************************************************/
  75:.\Generated_Source\PSoC5/UART_INT.c ****     CY_ISR(UART_RXISR)
  76:.\Generated_Source\PSoC5/UART_INT.c ****     {
  32              		.loc 1 76 0
  33              		.cfi_startproc
  34              		@ args = 0, pretend = 0, frame = 8
ARM GAS  C:\Users\dwguo\AppData\Local\Temp\ccVV25hH.s 			page 3


  35              		@ frame_needed = 1, uses_anonymous_args = 0
  36              		@ link register save eliminated.
  37 0000 80B4     		push	{r7}
  38              	.LCFI0:
  39              		.cfi_def_cfa_offset 4
  40 0002 83B0     		sub	sp, sp, #12
  41              	.LCFI1:
  42              		.cfi_def_cfa_offset 16
  43 0004 00AF     		add	r7, sp, #0
  44              		.cfi_offset 7, -4
  45              	.LCFI2:
  46              		.cfi_def_cfa_register 7
  77:.\Generated_Source\PSoC5/UART_INT.c ****         uint8 readData;
  78:.\Generated_Source\PSoC5/UART_INT.c ****         uint8 increment_pointer = 0u;
  47              		.loc 1 78 0
  48 0006 4FF00003 		mov	r3, #0
  49 000a FB71     		strb	r3, [r7, #7]
  79:.\Generated_Source\PSoC5/UART_INT.c **** 
  80:.\Generated_Source\PSoC5/UART_INT.c ****         /* User code required at start of ISR */
  81:.\Generated_Source\PSoC5/UART_INT.c ****         /* `#START UART_RXISR_START` */
  82:.\Generated_Source\PSoC5/UART_INT.c **** 
  83:.\Generated_Source\PSoC5/UART_INT.c ****         /* `#END` */
  84:.\Generated_Source\PSoC5/UART_INT.c **** 
  85:.\Generated_Source\PSoC5/UART_INT.c ****         readData = UART_RXSTATUS_REG;
  50              		.loc 1 85 0
  51 000c 46F26A53 		movw	r3, #:lower16:1073767786
  52 0010 C4F20003 		movt	r3, #:upper16:1073767786
  53 0014 1B78     		ldrb	r3, [r3, #0]
  54 0016 BB71     		strb	r3, [r7, #6]
  86:.\Generated_Source\PSoC5/UART_INT.c **** 
  87:.\Generated_Source\PSoC5/UART_INT.c ****         if((readData & (UART_RX_STS_BREAK | UART_RX_STS_PAR_ERROR |
  88:.\Generated_Source\PSoC5/UART_INT.c ****                         UART_RX_STS_STOP_ERROR | UART_RX_STS_OVERRUN)) != 0u)
  89:.\Generated_Source\PSoC5/UART_INT.c ****         {
  90:.\Generated_Source\PSoC5/UART_INT.c ****             /* ERROR handling. */
  91:.\Generated_Source\PSoC5/UART_INT.c ****             /* `#START UART_RXISR_ERROR` */
  92:.\Generated_Source\PSoC5/UART_INT.c **** 
  93:.\Generated_Source\PSoC5/UART_INT.c ****             /* `#END` */
  94:.\Generated_Source\PSoC5/UART_INT.c ****         }
  95:.\Generated_Source\PSoC5/UART_INT.c **** 
  96:.\Generated_Source\PSoC5/UART_INT.c ****         while(readData & UART_RX_STS_FIFO_NOTEMPTY)
  55              		.loc 1 96 0
  56 0018 5EE0     		b	.L2
  57              	.L6:
  97:.\Generated_Source\PSoC5/UART_INT.c ****         {
  98:.\Generated_Source\PSoC5/UART_INT.c ****             
  99:.\Generated_Source\PSoC5/UART_INT.c ****             #if (UART_RXHW_ADDRESS_ENABLED)
 100:.\Generated_Source\PSoC5/UART_INT.c ****                 if(UART_rxAddressMode == UART__B_UART__AM_SW_DETECT_TO_BUFFER) 
 101:.\Generated_Source\PSoC5/UART_INT.c ****                 {
 102:.\Generated_Source\PSoC5/UART_INT.c ****                     if((readData & UART_RX_STS_MRKSPC) != 0u)
 103:.\Generated_Source\PSoC5/UART_INT.c ****                     {  
 104:.\Generated_Source\PSoC5/UART_INT.c ****                         if ((readData & UART_RX_STS_ADDR_MATCH) != 0u)
 105:.\Generated_Source\PSoC5/UART_INT.c ****                         {
 106:.\Generated_Source\PSoC5/UART_INT.c ****                             UART_rxAddressDetected = 1u;
 107:.\Generated_Source\PSoC5/UART_INT.c ****                         }
 108:.\Generated_Source\PSoC5/UART_INT.c ****                         else
 109:.\Generated_Source\PSoC5/UART_INT.c ****                         {
 110:.\Generated_Source\PSoC5/UART_INT.c ****                             UART_rxAddressDetected = 0u;
ARM GAS  C:\Users\dwguo\AppData\Local\Temp\ccVV25hH.s 			page 4


 111:.\Generated_Source\PSoC5/UART_INT.c ****                         }
 112:.\Generated_Source\PSoC5/UART_INT.c ****                     }
 113:.\Generated_Source\PSoC5/UART_INT.c **** 
 114:.\Generated_Source\PSoC5/UART_INT.c ****                     readData = UART_RXDATA_REG;
 115:.\Generated_Source\PSoC5/UART_INT.c ****                     if(UART_rxAddressDetected != 0u)
 116:.\Generated_Source\PSoC5/UART_INT.c ****                     {   /* store only addressed data */
 117:.\Generated_Source\PSoC5/UART_INT.c ****                         UART_rxBuffer[UART_rxBufferWrite] = readData;
 118:.\Generated_Source\PSoC5/UART_INT.c ****                         increment_pointer = 1u;
 119:.\Generated_Source\PSoC5/UART_INT.c ****                     }
 120:.\Generated_Source\PSoC5/UART_INT.c ****                 }
 121:.\Generated_Source\PSoC5/UART_INT.c ****                 else /* without software addressing */
 122:.\Generated_Source\PSoC5/UART_INT.c ****                 {
 123:.\Generated_Source\PSoC5/UART_INT.c ****                     UART_rxBuffer[UART_rxBufferWrite] = UART_RXDATA_REG;
 124:.\Generated_Source\PSoC5/UART_INT.c ****                     increment_pointer = 1u;
 125:.\Generated_Source\PSoC5/UART_INT.c ****                 }
 126:.\Generated_Source\PSoC5/UART_INT.c ****             #else  /* without addressing */
 127:.\Generated_Source\PSoC5/UART_INT.c ****                 UART_rxBuffer[UART_rxBufferWrite] = UART_RXDATA_REG;
  58              		.loc 1 127 0
  59 001a 40F20003 		movw	r3, #:lower16:UART_rxBufferWrite
  60 001e C0F20003 		movt	r3, #:upper16:UART_rxBufferWrite
  61 0022 1B78     		ldrb	r3, [r3, #0]
  62 0024 DBB2     		uxtb	r3, r3
  63 0026 1A46     		mov	r2, r3
  64 0028 46F24453 		movw	r3, #:lower16:1073767748
  65 002c C4F20003 		movt	r3, #:upper16:1073767748
  66 0030 1B78     		ldrb	r3, [r3, #0]
  67 0032 D9B2     		uxtb	r1, r3
  68 0034 40F20003 		movw	r3, #:lower16:UART_rxBuffer
  69 0038 C0F20003 		movt	r3, #:upper16:UART_rxBuffer
  70 003c 9954     		strb	r1, [r3, r2]
 128:.\Generated_Source\PSoC5/UART_INT.c ****                 increment_pointer = 1u;
  71              		.loc 1 128 0
  72 003e 4FF00103 		mov	r3, #1
  73 0042 FB71     		strb	r3, [r7, #7]
 129:.\Generated_Source\PSoC5/UART_INT.c ****             #endif /* End SW_DETECT_TO_BUFFER */
 130:.\Generated_Source\PSoC5/UART_INT.c ****             
 131:.\Generated_Source\PSoC5/UART_INT.c ****             /* do not increment buffer pointer when skip not adderessed data */
 132:.\Generated_Source\PSoC5/UART_INT.c ****             if( increment_pointer != 0u )
  74              		.loc 1 132 0
  75 0044 FB79     		ldrb	r3, [r7, #7]	@ zero_extendqisi2
  76 0046 002B     		cmp	r3, #0
  77 0048 40D0     		beq	.L3
 133:.\Generated_Source\PSoC5/UART_INT.c ****             {
 134:.\Generated_Source\PSoC5/UART_INT.c ****                 if(UART_rxBufferLoopDetect)
  78              		.loc 1 134 0
  79 004a 40F20003 		movw	r3, #:lower16:UART_rxBufferLoopDetect
  80 004e C0F20003 		movt	r3, #:upper16:UART_rxBufferLoopDetect
  81 0052 1B78     		ldrb	r3, [r3, #0]
  82 0054 DBB2     		uxtb	r3, r3
  83 0056 002B     		cmp	r3, #0
  84 0058 06D0     		beq	.L4
 135:.\Generated_Source\PSoC5/UART_INT.c ****                 {   /* Set Software Buffer status Overflow */
 136:.\Generated_Source\PSoC5/UART_INT.c ****                     UART_rxBufferOverflow = 1u;
  85              		.loc 1 136 0
  86 005a 40F20003 		movw	r3, #:lower16:UART_rxBufferOverflow
  87 005e C0F20003 		movt	r3, #:upper16:UART_rxBufferOverflow
  88 0062 4FF00102 		mov	r2, #1
ARM GAS  C:\Users\dwguo\AppData\Local\Temp\ccVV25hH.s 			page 5


  89 0066 1A70     		strb	r2, [r3, #0]
  90              	.L4:
 137:.\Generated_Source\PSoC5/UART_INT.c ****                 }
 138:.\Generated_Source\PSoC5/UART_INT.c ****                 /* Set next pointer. */
 139:.\Generated_Source\PSoC5/UART_INT.c ****                 UART_rxBufferWrite++;
  91              		.loc 1 139 0
  92 0068 40F20003 		movw	r3, #:lower16:UART_rxBufferWrite
  93 006c C0F20003 		movt	r3, #:upper16:UART_rxBufferWrite
  94 0070 1B78     		ldrb	r3, [r3, #0]
  95 0072 DBB2     		uxtb	r3, r3
  96 0074 03F10103 		add	r3, r3, #1
  97 0078 DAB2     		uxtb	r2, r3
  98 007a 40F20003 		movw	r3, #:lower16:UART_rxBufferWrite
  99 007e C0F20003 		movt	r3, #:upper16:UART_rxBufferWrite
 100 0082 1A70     		strb	r2, [r3, #0]
 140:.\Generated_Source\PSoC5/UART_INT.c **** 
 141:.\Generated_Source\PSoC5/UART_INT.c ****                 /* Check pointer for a loop condition */
 142:.\Generated_Source\PSoC5/UART_INT.c ****                 if(UART_rxBufferWrite >= UART_RXBUFFERSIZE)
 101              		.loc 1 142 0
 102 0084 40F20003 		movw	r3, #:lower16:UART_rxBufferWrite
 103 0088 C0F20003 		movt	r3, #:upper16:UART_rxBufferWrite
 104 008c 1B78     		ldrb	r3, [r3, #0]
 105 008e DBB2     		uxtb	r3, r3
 106 0090 042B     		cmp	r3, #4
 107 0092 06D9     		bls	.L5
 143:.\Generated_Source\PSoC5/UART_INT.c ****                 {
 144:.\Generated_Source\PSoC5/UART_INT.c ****                     UART_rxBufferWrite = 0u;
 108              		.loc 1 144 0
 109 0094 40F20003 		movw	r3, #:lower16:UART_rxBufferWrite
 110 0098 C0F20003 		movt	r3, #:upper16:UART_rxBufferWrite
 111 009c 4FF00002 		mov	r2, #0
 112 00a0 1A70     		strb	r2, [r3, #0]
 113              	.L5:
 145:.\Generated_Source\PSoC5/UART_INT.c ****                 }
 146:.\Generated_Source\PSoC5/UART_INT.c ****                 /* Detect pre-overload condition and set flag */
 147:.\Generated_Source\PSoC5/UART_INT.c ****                 if(UART_rxBufferWrite == UART_rxBufferRead)
 114              		.loc 1 147 0
 115 00a2 40F20003 		movw	r3, #:lower16:UART_rxBufferWrite
 116 00a6 C0F20003 		movt	r3, #:upper16:UART_rxBufferWrite
 117 00aa 1B78     		ldrb	r3, [r3, #0]
 118 00ac DAB2     		uxtb	r2, r3
 119 00ae 40F20003 		movw	r3, #:lower16:UART_rxBufferRead
 120 00b2 C0F20003 		movt	r3, #:upper16:UART_rxBufferRead
 121 00b6 1B78     		ldrb	r3, [r3, #0]
 122 00b8 DBB2     		uxtb	r3, r3
 123 00ba 9A42     		cmp	r2, r3
 124 00bc 06D1     		bne	.L3
 148:.\Generated_Source\PSoC5/UART_INT.c ****                 {
 149:.\Generated_Source\PSoC5/UART_INT.c ****                     UART_rxBufferLoopDetect = 1u;
 125              		.loc 1 149 0
 126 00be 40F20003 		movw	r3, #:lower16:UART_rxBufferLoopDetect
 127 00c2 C0F20003 		movt	r3, #:upper16:UART_rxBufferLoopDetect
 128 00c6 4FF00102 		mov	r2, #1
 129 00ca 1A70     		strb	r2, [r3, #0]
 130              	.L3:
 150:.\Generated_Source\PSoC5/UART_INT.c ****                     /* When Hardware Flow Control selected */
 151:.\Generated_Source\PSoC5/UART_INT.c ****                     #if(UART_FLOW_CONTROL != 0u)
ARM GAS  C:\Users\dwguo\AppData\Local\Temp\ccVV25hH.s 			page 6


 152:.\Generated_Source\PSoC5/UART_INT.c ****                     /* Disable RX interrupt mask, it will be enabled when user read data from the b
 153:.\Generated_Source\PSoC5/UART_INT.c ****                         UART_RXSTATUS_MASK_REG  &= ~UART_RX_STS_FIFO_NOTEMPTY;
 154:.\Generated_Source\PSoC5/UART_INT.c ****                         CyIntClearPending(UART_RX_VECT_NUM); 
 155:.\Generated_Source\PSoC5/UART_INT.c ****                         break; /* Break the reading of the FIFO loop, leave the data there for gene
 156:.\Generated_Source\PSoC5/UART_INT.c ****                     #endif /* End UART_FLOW_CONTROL != 0 */    
 157:.\Generated_Source\PSoC5/UART_INT.c ****                 }
 158:.\Generated_Source\PSoC5/UART_INT.c ****             }
 159:.\Generated_Source\PSoC5/UART_INT.c **** 
 160:.\Generated_Source\PSoC5/UART_INT.c ****             /* Check again if there is data. */
 161:.\Generated_Source\PSoC5/UART_INT.c ****             readData = UART_RXSTATUS_REG;
 131              		.loc 1 161 0
 132 00cc 46F26A53 		movw	r3, #:lower16:1073767786
 133 00d0 C4F20003 		movt	r3, #:upper16:1073767786
 134 00d4 1B78     		ldrb	r3, [r3, #0]
 135 00d6 BB71     		strb	r3, [r7, #6]
 136              	.L2:
 137              		.loc 1 96 0
 138 00d8 BB79     		ldrb	r3, [r7, #6]	@ zero_extendqisi2
 139 00da 03F02003 		and	r3, r3, #32
 140 00de 002B     		cmp	r3, #0
 141 00e0 9BD1     		bne	.L6
 162:.\Generated_Source\PSoC5/UART_INT.c ****         }
 163:.\Generated_Source\PSoC5/UART_INT.c **** 
 164:.\Generated_Source\PSoC5/UART_INT.c ****         /* User code required at end of ISR (Optional) */
 165:.\Generated_Source\PSoC5/UART_INT.c ****         /* `#START UART_RXISR_END` */
 166:.\Generated_Source\PSoC5/UART_INT.c **** 
 167:.\Generated_Source\PSoC5/UART_INT.c ****         /* `#END` */
 168:.\Generated_Source\PSoC5/UART_INT.c **** 
 169:.\Generated_Source\PSoC5/UART_INT.c ****     }
 142              		.loc 1 169 0
 143 00e2 07F10C07 		add	r7, r7, #12
 144 00e6 BD46     		mov	sp, r7
 145 00e8 80BC     		pop	{r7}
 146 00ea 7047     		bx	lr
 147              		.cfi_endproc
 148              	.LFE0:
 149              		.size	UART_RXISR, .-UART_RXISR
 150              		.text
 151              	.Letext0:
 152              		.section	.debug_loc,"",%progbits
 153              	.Ldebug_loc0:
 154              	.LLST0:
 155 0000 00000000 		.4byte	.LFB0
 156 0004 02000000 		.4byte	.LCFI0
 157 0008 0100     		.2byte	0x1
 158 000a 5D       		.byte	0x5d
 159 000b 02000000 		.4byte	.LCFI0
 160 000f 04000000 		.4byte	.LCFI1
 161 0013 0200     		.2byte	0x2
 162 0015 7D       		.byte	0x7d
 163 0016 04       		.sleb128 4
 164 0017 04000000 		.4byte	.LCFI1
 165 001b 06000000 		.4byte	.LCFI2
 166 001f 0200     		.2byte	0x2
 167 0021 7D       		.byte	0x7d
 168 0022 10       		.sleb128 16
 169 0023 06000000 		.4byte	.LCFI2
ARM GAS  C:\Users\dwguo\AppData\Local\Temp\ccVV25hH.s 			page 7


 170 0027 EC000000 		.4byte	.LFE0
 171 002b 0200     		.2byte	0x2
 172 002d 77       		.byte	0x77
 173 002e 10       		.sleb128 16
 174 002f 00000000 		.4byte	0x0
 175 0033 00000000 		.4byte	0x0
 176              		.file 2 ".\\Generated_Source\\PSoC5\\/cytypes.h"
 177              		.section	.debug_info
 178 0000 0D010000 		.4byte	0x10d
 179 0004 0200     		.2byte	0x2
 180 0006 00000000 		.4byte	.Ldebug_abbrev0
 181 000a 04       		.byte	0x4
 182 000b 01       		.uleb128 0x1
 183 000c DA000000 		.4byte	.LASF17
 184 0010 01       		.byte	0x1
 185 0011 AB000000 		.4byte	.LASF18
 186 0015 57000000 		.4byte	.LASF19
 187 0019 00000000 		.4byte	0x0
 188 001d 00000000 		.4byte	0x0
 189 0021 00000000 		.4byte	.Ldebug_ranges0+0x0
 190 0025 00000000 		.4byte	.Ldebug_line0
 191 0029 02       		.uleb128 0x2
 192 002a 01       		.byte	0x1
 193 002b 06       		.byte	0x6
 194 002c 27010000 		.4byte	.LASF0
 195 0030 02       		.uleb128 0x2
 196 0031 01       		.byte	0x1
 197 0032 08       		.byte	0x8
 198 0033 E6000000 		.4byte	.LASF1
 199 0037 02       		.uleb128 0x2
 200 0038 02       		.byte	0x2
 201 0039 05       		.byte	0x5
 202 003a 5D010000 		.4byte	.LASF2
 203 003e 02       		.uleb128 0x2
 204 003f 02       		.byte	0x2
 205 0040 07       		.byte	0x7
 206 0041 14010000 		.4byte	.LASF3
 207 0045 02       		.uleb128 0x2
 208 0046 04       		.byte	0x4
 209 0047 05       		.byte	0x5
 210 0048 F9000000 		.4byte	.LASF4
 211 004c 02       		.uleb128 0x2
 212 004d 04       		.byte	0x4
 213 004e 07       		.byte	0x7
 214 004f 02010000 		.4byte	.LASF5
 215 0053 02       		.uleb128 0x2
 216 0054 08       		.byte	0x8
 217 0055 05       		.byte	0x5
 218 0056 00000000 		.4byte	.LASF6
 219 005a 02       		.uleb128 0x2
 220 005b 08       		.byte	0x8
 221 005c 07       		.byte	0x7
 222 005d 94000000 		.4byte	.LASF7
 223 0061 03       		.uleb128 0x3
 224 0062 04       		.byte	0x4
 225 0063 05       		.byte	0x5
 226 0064 696E7400 		.ascii	"int\000"
ARM GAS  C:\Users\dwguo\AppData\Local\Temp\ccVV25hH.s 			page 8


 227 0068 02       		.uleb128 0x2
 228 0069 04       		.byte	0x4
 229 006a 07       		.byte	0x7
 230 006b 0E000000 		.4byte	.LASF8
 231 006f 02       		.uleb128 0x2
 232 0070 01       		.byte	0x1
 233 0071 08       		.byte	0x8
 234 0072 F4000000 		.4byte	.LASF9
 235 0076 04       		.uleb128 0x4
 236 0077 51000000 		.4byte	.LASF20
 237 007b 02       		.byte	0x2
 238 007c 60       		.byte	0x60
 239 007d 30000000 		.4byte	0x30
 240 0081 05       		.uleb128 0x5
 241 0082 76000000 		.4byte	0x76
 242 0086 06       		.uleb128 0x6
 243 0087 04       		.byte	0x4
 244 0088 07       		.byte	0x7
 245 0089 07       		.uleb128 0x7
 246 008a 01       		.byte	0x1
 247 008b CF000000 		.4byte	.LASF21
 248 008f 01       		.byte	0x1
 249 0090 4B       		.byte	0x4b
 250 0091 01       		.byte	0x1
 251 0092 00000000 		.4byte	.LFB0
 252 0096 EC000000 		.4byte	.LFE0
 253 009a 00000000 		.4byte	.LLST0
 254 009e BF000000 		.4byte	0xbf
 255 00a2 08       		.uleb128 0x8
 256 00a3 7A010000 		.4byte	.LASF10
 257 00a7 01       		.byte	0x1
 258 00a8 4D       		.byte	0x4d
 259 00a9 76000000 		.4byte	0x76
 260 00ad 02       		.byte	0x2
 261 00ae 91       		.byte	0x91
 262 00af 76       		.sleb128 -10
 263 00b0 08       		.uleb128 0x8
 264 00b1 1B000000 		.4byte	.LASF11
 265 00b5 01       		.byte	0x1
 266 00b6 4E       		.byte	0x4e
 267 00b7 76000000 		.4byte	0x76
 268 00bb 02       		.byte	0x2
 269 00bc 91       		.byte	0x91
 270 00bd 77       		.sleb128 -9
 271 00be 00       		.byte	0x0
 272 00bf 09       		.uleb128 0x9
 273 00c0 76000000 		.4byte	0x76
 274 00c4 CA000000 		.4byte	0xca
 275 00c8 0A       		.uleb128 0xa
 276 00c9 00       		.byte	0x0
 277 00ca 0B       		.uleb128 0xb
 278 00cb 43000000 		.4byte	.LASF12
 279 00cf 01       		.byte	0x1
 280 00d0 21       		.byte	0x21
 281 00d1 D7000000 		.4byte	0xd7
 282 00d5 01       		.byte	0x1
 283 00d6 01       		.byte	0x1
ARM GAS  C:\Users\dwguo\AppData\Local\Temp\ccVV25hH.s 			page 9


 284 00d7 05       		.uleb128 0x5
 285 00d8 BF000000 		.4byte	0xbf
 286 00dc 0B       		.uleb128 0xb
 287 00dd 4B010000 		.4byte	.LASF13
 288 00e1 01       		.byte	0x1
 289 00e2 22       		.byte	0x22
 290 00e3 81000000 		.4byte	0x81
 291 00e7 01       		.byte	0x1
 292 00e8 01       		.byte	0x1
 293 00e9 0B       		.uleb128 0xb
 294 00ea 67010000 		.4byte	.LASF14
 295 00ee 01       		.byte	0x1
 296 00ef 23       		.byte	0x23
 297 00f0 81000000 		.4byte	0x81
 298 00f4 01       		.byte	0x1
 299 00f5 01       		.byte	0x1
 300 00f6 0B       		.uleb128 0xb
 301 00f7 33010000 		.4byte	.LASF15
 302 00fb 01       		.byte	0x1
 303 00fc 24       		.byte	0x24
 304 00fd 81000000 		.4byte	0x81
 305 0101 01       		.byte	0x1
 306 0102 01       		.byte	0x1
 307 0103 0B       		.uleb128 0xb
 308 0104 2D000000 		.4byte	.LASF16
 309 0108 01       		.byte	0x1
 310 0109 25       		.byte	0x25
 311 010a 81000000 		.4byte	0x81
 312 010e 01       		.byte	0x1
 313 010f 01       		.byte	0x1
 314 0110 00       		.byte	0x0
 315              		.section	.debug_abbrev
 316 0000 01       		.uleb128 0x1
 317 0001 11       		.uleb128 0x11
 318 0002 01       		.byte	0x1
 319 0003 25       		.uleb128 0x25
 320 0004 0E       		.uleb128 0xe
 321 0005 13       		.uleb128 0x13
 322 0006 0B       		.uleb128 0xb
 323 0007 03       		.uleb128 0x3
 324 0008 0E       		.uleb128 0xe
 325 0009 1B       		.uleb128 0x1b
 326 000a 0E       		.uleb128 0xe
 327 000b 11       		.uleb128 0x11
 328 000c 01       		.uleb128 0x1
 329 000d 52       		.uleb128 0x52
 330 000e 01       		.uleb128 0x1
 331 000f 55       		.uleb128 0x55
 332 0010 06       		.uleb128 0x6
 333 0011 10       		.uleb128 0x10
 334 0012 06       		.uleb128 0x6
 335 0013 00       		.byte	0x0
 336 0014 00       		.byte	0x0
 337 0015 02       		.uleb128 0x2
 338 0016 24       		.uleb128 0x24
 339 0017 00       		.byte	0x0
 340 0018 0B       		.uleb128 0xb
ARM GAS  C:\Users\dwguo\AppData\Local\Temp\ccVV25hH.s 			page 10


 341 0019 0B       		.uleb128 0xb
 342 001a 3E       		.uleb128 0x3e
 343 001b 0B       		.uleb128 0xb
 344 001c 03       		.uleb128 0x3
 345 001d 0E       		.uleb128 0xe
 346 001e 00       		.byte	0x0
 347 001f 00       		.byte	0x0
 348 0020 03       		.uleb128 0x3
 349 0021 24       		.uleb128 0x24
 350 0022 00       		.byte	0x0
 351 0023 0B       		.uleb128 0xb
 352 0024 0B       		.uleb128 0xb
 353 0025 3E       		.uleb128 0x3e
 354 0026 0B       		.uleb128 0xb
 355 0027 03       		.uleb128 0x3
 356 0028 08       		.uleb128 0x8
 357 0029 00       		.byte	0x0
 358 002a 00       		.byte	0x0
 359 002b 04       		.uleb128 0x4
 360 002c 16       		.uleb128 0x16
 361 002d 00       		.byte	0x0
 362 002e 03       		.uleb128 0x3
 363 002f 0E       		.uleb128 0xe
 364 0030 3A       		.uleb128 0x3a
 365 0031 0B       		.uleb128 0xb
 366 0032 3B       		.uleb128 0x3b
 367 0033 0B       		.uleb128 0xb
 368 0034 49       		.uleb128 0x49
 369 0035 13       		.uleb128 0x13
 370 0036 00       		.byte	0x0
 371 0037 00       		.byte	0x0
 372 0038 05       		.uleb128 0x5
 373 0039 35       		.uleb128 0x35
 374 003a 00       		.byte	0x0
 375 003b 49       		.uleb128 0x49
 376 003c 13       		.uleb128 0x13
 377 003d 00       		.byte	0x0
 378 003e 00       		.byte	0x0
 379 003f 06       		.uleb128 0x6
 380 0040 24       		.uleb128 0x24
 381 0041 00       		.byte	0x0
 382 0042 0B       		.uleb128 0xb
 383 0043 0B       		.uleb128 0xb
 384 0044 3E       		.uleb128 0x3e
 385 0045 0B       		.uleb128 0xb
 386 0046 00       		.byte	0x0
 387 0047 00       		.byte	0x0
 388 0048 07       		.uleb128 0x7
 389 0049 2E       		.uleb128 0x2e
 390 004a 01       		.byte	0x1
 391 004b 3F       		.uleb128 0x3f
 392 004c 0C       		.uleb128 0xc
 393 004d 03       		.uleb128 0x3
 394 004e 0E       		.uleb128 0xe
 395 004f 3A       		.uleb128 0x3a
 396 0050 0B       		.uleb128 0xb
 397 0051 3B       		.uleb128 0x3b
ARM GAS  C:\Users\dwguo\AppData\Local\Temp\ccVV25hH.s 			page 11


 398 0052 0B       		.uleb128 0xb
 399 0053 27       		.uleb128 0x27
 400 0054 0C       		.uleb128 0xc
 401 0055 11       		.uleb128 0x11
 402 0056 01       		.uleb128 0x1
 403 0057 12       		.uleb128 0x12
 404 0058 01       		.uleb128 0x1
 405 0059 40       		.uleb128 0x40
 406 005a 06       		.uleb128 0x6
 407 005b 01       		.uleb128 0x1
 408 005c 13       		.uleb128 0x13
 409 005d 00       		.byte	0x0
 410 005e 00       		.byte	0x0
 411 005f 08       		.uleb128 0x8
 412 0060 34       		.uleb128 0x34
 413 0061 00       		.byte	0x0
 414 0062 03       		.uleb128 0x3
 415 0063 0E       		.uleb128 0xe
 416 0064 3A       		.uleb128 0x3a
 417 0065 0B       		.uleb128 0xb
 418 0066 3B       		.uleb128 0x3b
 419 0067 0B       		.uleb128 0xb
 420 0068 49       		.uleb128 0x49
 421 0069 13       		.uleb128 0x13
 422 006a 02       		.uleb128 0x2
 423 006b 0A       		.uleb128 0xa
 424 006c 00       		.byte	0x0
 425 006d 00       		.byte	0x0
 426 006e 09       		.uleb128 0x9
 427 006f 01       		.uleb128 0x1
 428 0070 01       		.byte	0x1
 429 0071 49       		.uleb128 0x49
 430 0072 13       		.uleb128 0x13
 431 0073 01       		.uleb128 0x1
 432 0074 13       		.uleb128 0x13
 433 0075 00       		.byte	0x0
 434 0076 00       		.byte	0x0
 435 0077 0A       		.uleb128 0xa
 436 0078 21       		.uleb128 0x21
 437 0079 00       		.byte	0x0
 438 007a 00       		.byte	0x0
 439 007b 00       		.byte	0x0
 440 007c 0B       		.uleb128 0xb
 441 007d 34       		.uleb128 0x34
 442 007e 00       		.byte	0x0
 443 007f 03       		.uleb128 0x3
 444 0080 0E       		.uleb128 0xe
 445 0081 3A       		.uleb128 0x3a
 446 0082 0B       		.uleb128 0xb
 447 0083 3B       		.uleb128 0x3b
 448 0084 0B       		.uleb128 0xb
 449 0085 49       		.uleb128 0x49
 450 0086 13       		.uleb128 0x13
 451 0087 3F       		.uleb128 0x3f
 452 0088 0C       		.uleb128 0xc
 453 0089 3C       		.uleb128 0x3c
 454 008a 0C       		.uleb128 0xc
ARM GAS  C:\Users\dwguo\AppData\Local\Temp\ccVV25hH.s 			page 12


 455 008b 00       		.byte	0x0
 456 008c 00       		.byte	0x0
 457 008d 00       		.byte	0x0
 458              		.section	.debug_pubnames,"",%progbits
 459 0000 1D000000 		.4byte	0x1d
 460 0004 0200     		.2byte	0x2
 461 0006 00000000 		.4byte	.Ldebug_info0
 462 000a 11010000 		.4byte	0x111
 463 000e 89000000 		.4byte	0x89
 464 0012 55415254 		.ascii	"UART_RXISR\000"
 464      5F525849 
 464      535200
 465 001d 00000000 		.4byte	0x0
 466              		.section	.debug_aranges,"",%progbits
 467 0000 1C000000 		.4byte	0x1c
 468 0004 0200     		.2byte	0x2
 469 0006 00000000 		.4byte	.Ldebug_info0
 470 000a 04       		.byte	0x4
 471 000b 00       		.byte	0x0
 472 000c 0000     		.2byte	0x0
 473 000e 0000     		.2byte	0x0
 474 0010 00000000 		.4byte	.LFB0
 475 0014 EC000000 		.4byte	.LFE0-.LFB0
 476 0018 00000000 		.4byte	0x0
 477 001c 00000000 		.4byte	0x0
 478              		.section	.debug_ranges,"",%progbits
 479              	.Ldebug_ranges0:
 480 0000 00000000 		.4byte	.Ltext0
 481 0004 00000000 		.4byte	.Letext0
 482 0008 00000000 		.4byte	.LFB0
 483 000c EC000000 		.4byte	.LFE0
 484 0010 00000000 		.4byte	0x0
 485 0014 00000000 		.4byte	0x0
 486              		.section	.debug_str,"MS",%progbits,1
 487              	.LASF6:
 488 0000 6C6F6E67 		.ascii	"long long int\000"
 488      206C6F6E 
 488      6720696E 
 488      7400
 489              	.LASF8:
 490 000e 756E7369 		.ascii	"unsigned int\000"
 490      676E6564 
 490      20696E74 
 490      00
 491              	.LASF11:
 492 001b 696E6372 		.ascii	"increment_pointer\000"
 492      656D656E 
 492      745F706F 
 492      696E7465 
 492      7200
 493              	.LASF16:
 494 002d 55415254 		.ascii	"UART_rxBufferOverflow\000"
 494      5F727842 
 494      75666665 
 494      724F7665 
 494      72666C6F 
 495              	.LASF12:
ARM GAS  C:\Users\dwguo\AppData\Local\Temp\ccVV25hH.s 			page 13


 496 0043 55415254 		.ascii	"UART_rxBuffer\000"
 496      5F727842 
 496      75666665 
 496      7200
 497              	.LASF20:
 498 0051 75696E74 		.ascii	"uint8\000"
 498      3800
 499              	.LASF19:
 500 0057 433A5C55 		.ascii	"C:\\Users\\Public\\Documents\\Carlab\\carlab_302\\c"
 500      73657273 
 500      5C507562 
 500      6C69635C 
 500      446F6375 
 501 0084 61726C61 		.ascii	"arlab_302.cydsn\000"
 501      625F3330 
 501      322E6379 
 501      64736E00 
 502              	.LASF7:
 503 0094 6C6F6E67 		.ascii	"long long unsigned int\000"
 503      206C6F6E 
 503      6720756E 
 503      7369676E 
 503      65642069 
 504              	.LASF18:
 505 00ab 2E5C4765 		.ascii	".\\Generated_Source\\PSoC5\\UART_INT.c\000"
 505      6E657261 
 505      7465645F 
 505      536F7572 
 505      63655C50 
 506              	.LASF21:
 507 00cf 55415254 		.ascii	"UART_RXISR\000"
 507      5F525849 
 507      535200
 508              	.LASF17:
 509 00da 474E5520 		.ascii	"GNU C 4.4.1\000"
 509      4320342E 
 509      342E3100 
 510              	.LASF1:
 511 00e6 756E7369 		.ascii	"unsigned char\000"
 511      676E6564 
 511      20636861 
 511      7200
 512              	.LASF9:
 513 00f4 63686172 		.ascii	"char\000"
 513      00
 514              	.LASF4:
 515 00f9 6C6F6E67 		.ascii	"long int\000"
 515      20696E74 
 515      00
 516              	.LASF5:
 517 0102 6C6F6E67 		.ascii	"long unsigned int\000"
 517      20756E73 
 517      69676E65 
 517      6420696E 
 517      7400
 518              	.LASF3:
 519 0114 73686F72 		.ascii	"short unsigned int\000"
ARM GAS  C:\Users\dwguo\AppData\Local\Temp\ccVV25hH.s 			page 14


 519      7420756E 
 519      7369676E 
 519      65642069 
 519      6E7400
 520              	.LASF0:
 521 0127 7369676E 		.ascii	"signed char\000"
 521      65642063 
 521      68617200 
 522              	.LASF15:
 523 0133 55415254 		.ascii	"UART_rxBufferLoopDetect\000"
 523      5F727842 
 523      75666665 
 523      724C6F6F 
 523      70446574 
 524              	.LASF13:
 525 014b 55415254 		.ascii	"UART_rxBufferRead\000"
 525      5F727842 
 525      75666665 
 525      72526561 
 525      6400
 526              	.LASF2:
 527 015d 73686F72 		.ascii	"short int\000"
 527      7420696E 
 527      7400
 528              	.LASF14:
 529 0167 55415254 		.ascii	"UART_rxBufferWrite\000"
 529      5F727842 
 529      75666665 
 529      72577269 
 529      746500
 530              	.LASF10:
 531 017a 72656164 		.ascii	"readData\000"
 531      44617461 
 531      00
 532              		.ident	"GCC: (Sourcery G++ Lite 2010q1-188) 4.4.1"
